Archive member included to satisfy reference by file (symbol)

/opt/bolos/gcc-arm-none-eabi-5_3-2016q1/bin/../lib/gcc/arm-none-eabi/5.3.1/armv6-m/libgcc.a(_udivsi3.o)
                              obj/os_io_seproxyhal.o (__aeabi_uidiv)
/opt/bolos/gcc-arm-none-eabi-5_3-2016q1/bin/../lib/gcc/arm-none-eabi/5.3.1/armv6-m/libgcc.a(_divsi3.o)
                              obj/tx_parser.o (__aeabi_idiv)
/opt/bolos/gcc-arm-none-eabi-5_3-2016q1/bin/../lib/gcc/arm-none-eabi/5.3.1/armv6-m/libgcc.a(_dvmd_tls.o)
                              /opt/bolos/gcc-arm-none-eabi-5_3-2016q1/bin/../lib/gcc/arm-none-eabi/5.3.1/armv6-m/libgcc.a(_udivsi3.o) (__aeabi_idiv0)
/opt/bolos/gcc-arm-none-eabi-5_3-2016q1/bin/../lib/gcc/arm-none-eabi/5.3.1/../../../../arm-none-eabi/lib/armv6-m/libc.a(lib_a-aeabi_memclr.o)
                              obj/json_parser.o (__aeabi_memclr)
/opt/bolos/gcc-arm-none-eabi-5_3-2016q1/bin/../lib/gcc/arm-none-eabi/5.3.1/../../../../arm-none-eabi/lib/armv6-m/libc.a(lib_a-aeabi_memcpy.o)
                              obj/app_main.o (__aeabi_memcpy)
/opt/bolos/gcc-arm-none-eabi-5_3-2016q1/bin/../lib/gcc/arm-none-eabi/5.3.1/../../../../arm-none-eabi/lib/armv6-m/libc.a(lib_a-aeabi_memset.o)
                              obj/os.o (__aeabi_memset)
/opt/bolos/gcc-arm-none-eabi-5_3-2016q1/bin/../lib/gcc/arm-none-eabi/5.3.1/../../../../arm-none-eabi/lib/armv6-m/libc.a(lib_a-malloc.o)
                              obj/zxmacros.o (malloc)
/opt/bolos/gcc-arm-none-eabi-5_3-2016q1/bin/../lib/gcc/arm-none-eabi/5.3.1/../../../../arm-none-eabi/lib/armv6-m/libc.a(lib_a-mallocr.o)
                              /opt/bolos/gcc-arm-none-eabi-5_3-2016q1/bin/../lib/gcc/arm-none-eabi/5.3.1/../../../../arm-none-eabi/lib/armv6-m/libc.a(lib_a-malloc.o) (_malloc_r)
/opt/bolos/gcc-arm-none-eabi-5_3-2016q1/bin/../lib/gcc/arm-none-eabi/5.3.1/../../../../arm-none-eabi/lib/armv6-m/libc.a(lib_a-memcpy-stub.o)
                              /opt/bolos/gcc-arm-none-eabi-5_3-2016q1/bin/../lib/gcc/arm-none-eabi/5.3.1/../../../../arm-none-eabi/lib/armv6-m/libc.a(lib_a-aeabi_memcpy.o) (memcpy)
/opt/bolos/gcc-arm-none-eabi-5_3-2016q1/bin/../lib/gcc/arm-none-eabi/5.3.1/../../../../arm-none-eabi/lib/armv6-m/libc.a(lib_a-memset.o)
                              /opt/bolos/gcc-arm-none-eabi-5_3-2016q1/bin/../lib/gcc/arm-none-eabi/5.3.1/../../../../arm-none-eabi/lib/armv6-m/libc.a(lib_a-aeabi_memset.o) (memset)
/opt/bolos/gcc-arm-none-eabi-5_3-2016q1/bin/../lib/gcc/arm-none-eabi/5.3.1/../../../../arm-none-eabi/lib/armv6-m/libc.a(lib_a-mlock.o)
                              /opt/bolos/gcc-arm-none-eabi-5_3-2016q1/bin/../lib/gcc/arm-none-eabi/5.3.1/../../../../arm-none-eabi/lib/armv6-m/libc.a(lib_a-mallocr.o) (__malloc_lock)
/opt/bolos/gcc-arm-none-eabi-5_3-2016q1/bin/../lib/gcc/arm-none-eabi/5.3.1/../../../../arm-none-eabi/lib/armv6-m/libc.a(lib_a-sbrkr.o)
                              /opt/bolos/gcc-arm-none-eabi-5_3-2016q1/bin/../lib/gcc/arm-none-eabi/5.3.1/../../../../arm-none-eabi/lib/armv6-m/libc.a(lib_a-mallocr.o) (_sbrk_r)
/opt/bolos/gcc-arm-none-eabi-5_3-2016q1/bin/../lib/gcc/arm-none-eabi/5.3.1/../../../../arm-none-eabi/lib/armv6-m/libc.a(lib_a-setjmp.o)
                              obj/app_main.o (setjmp)
/opt/bolos/gcc-arm-none-eabi-5_3-2016q1/bin/../lib/gcc/arm-none-eabi/5.3.1/../../../../arm-none-eabi/lib/armv6-m/libc.a(lib_a-strcmp.o)
                              obj/tx_display.o (strcmp)
/opt/bolos/gcc-arm-none-eabi-5_3-2016q1/bin/../lib/gcc/arm-none-eabi/5.3.1/../../../../arm-none-eabi/lib/armv6-m/libc.a(lib_a-strlen-stub.o)
                              obj/app_main.o (strlen)
/opt/bolos/gcc-arm-none-eabi-5_3-2016q1/bin/../lib/gcc/arm-none-eabi/5.3.1/../../../../arm-none-eabi/lib/armv6-m/libc.a(lib_a-strncmp.o)
                              obj/segwit_addr.o (strncmp)
/opt/bolos/gcc-arm-none-eabi-5_3-2016q1/bin/../lib/gcc/arm-none-eabi/5.3.1/../../../../arm-none-eabi/lib/armv6-m/libc.a(lib_a-strncpy.o)
                              obj/tx_display.o (strncpy)
/opt/bolos/gcc-arm-none-eabi-5_3-2016q1/bin/../lib/gcc/arm-none-eabi/5.3.1/../../../../arm-none-eabi/lib/armv6-m/libc.a(lib_a-freer.o)
                              /opt/bolos/gcc-arm-none-eabi-5_3-2016q1/bin/../lib/gcc/arm-none-eabi/5.3.1/../../../../arm-none-eabi/lib/armv6-m/libc.a(lib_a-malloc.o) (_free_r)
/opt/bolos/gcc-arm-none-eabi-5_3-2016q1/bin/../lib/gcc/arm-none-eabi/5.3.1/../../../../arm-none-eabi/lib/armv6-m/libc.a(lib_a-impure.o)
                              /opt/bolos/gcc-arm-none-eabi-5_3-2016q1/bin/../lib/gcc/arm-none-eabi/5.3.1/../../../../arm-none-eabi/lib/armv6-m/libc.a(lib_a-malloc.o) (_impure_ptr)
/opt/bolos/gcc-arm-none-eabi-5_3-2016q1/bin/../lib/gcc/arm-none-eabi/5.3.1/../../../../arm-none-eabi/lib/armv6-m/libc.a(lib_a-reent.o)
                              /opt/bolos/gcc-arm-none-eabi-5_3-2016q1/bin/../lib/gcc/arm-none-eabi/5.3.1/../../../../arm-none-eabi/lib/armv6-m/libc.a(lib_a-sbrkr.o) (errno)

Allocating common symbols
[...]
Memory Configuration

Name             Origin             Length             Attributes
DISCARD          0xd0000000         0x00100000         xrw
FLASH            0xc0d00000         0x00064000         xr
SRAM             0x20001800         0x00001000         xrw
*default*        0x00000000         0xffffffff

Linker script and memory map

LOAD obj/app_main.o
LOAD obj/bech32.o
LOAD obj/buffering.o
LOAD obj/crypto.o
LOAD obj/cx_compliance_141.o
LOAD obj/glyphs.o
LOAD obj/jsmn.o
LOAD obj/json_parser.o
LOAD obj/main.o
LOAD obj/os.o
LOAD obj/os_io_seproxyhal.o
LOAD obj/os_printf.o
LOAD obj/pic.o
LOAD obj/pic_internal.o
LOAD obj/segwit_addr.o
LOAD obj/syscalls.o
LOAD obj/tcr.o
LOAD obj/transaction.o
LOAD obj/tx_display.o
LOAD obj/tx_parser.o
LOAD obj/tx_validate.o
LOAD obj/u2f_impl.o
LOAD obj/u2f_io.o
LOAD obj/u2f_transport.o
LOAD obj/usbd_ccid_cmd.o
LOAD obj/usbd_ccid_core.o
LOAD obj/usbd_ccid_if.o
LOAD obj/usbd_conf.o
LOAD obj/usbd_core.o
LOAD obj/usbd_ctlreq.o
LOAD obj/usbd_hid.o
LOAD obj/usbd_impl.o
LOAD obj/usbd_ioreq.o
LOAD obj/view.o
LOAD obj/view_common.o
LOAD obj/view_expl.o
LOAD obj/zxmacros.o
LOAD /opt/bolos/gcc-arm-none-eabi-5_3-2016q1/bin/../lib/gcc/arm-none-eabi/5.3.1/../../../../arm-none-eabi/lib/armv6-m/libm.a
LOAD /opt/bolos/gcc-arm-none-eabi-5_3-2016q1/bin/../lib/gcc/arm-none-eabi/5.3.1/armv6-m/libgcc.a
LOAD /opt/bolos/gcc-arm-none-eabi-5_3-2016q1/bin/../lib/gcc/arm-none-eabi/5.3.1/../../../../arm-none-eabi/lib/armv6-m/libc.a
START GROUP
LOAD /opt/bolos/gcc-arm-none-eabi-5_3-2016q1/bin/../lib/gcc/arm-none-eabi/5.3.1/armv6-m/libgcc.a
LOAD /opt/bolos/gcc-arm-none-eabi-5_3-2016q1/bin/../lib/gcc/arm-none-eabi/5.3.1/../../../../arm-none-eabi/lib/armv6-m/libg.a
LOAD /opt/bolos/gcc-arm-none-eabi-5_3-2016q1/bin/../lib/gcc/arm-none-eabi/5.3.1/../../../../arm-none-eabi/lib/armv6-m/libc.a
END GROUP
                0x00000040                PAGE_SIZE = 0x40
                0x0000035c                STACK_SIZE = 0x35c
                0x20002800                END_STACK = (ORIGIN (SRAM) + LENGTH (SRAM))

.text           0xc0d00000     0x9f80
                0xc0d00000                _text = .
                0xc0d00000                _nvram = .
                [!provide]                PROVIDE (_setjmp, setjmp)
 *(.boot*)
 .boot          0xc0d00000       0x5c obj/main.o
                0xc0d00000                main
 *(.text*)
 .text.io_event
                0xc0d0005c      0x570 obj/app_main.o
                0xc0d0005c                io_event
 .text.io_exchange_al
                0xc0d005cc       0x44 obj/app_main.o
                0xc0d005cc                io_exchange_al
 .text.extractHRP
                0xc0d00610       0x3c obj/app_main.o
                0xc0d00610                extractHRP
 .text.process_chunk
                0xc0d0064c       0x88 obj/app_main.o
                0xc0d0064c                process_chunk
 .text.tx_getData
                0xc0d006d4       0xac obj/app_main.o
                0xc0d006d4                tx_getData
 .text.tx_accept_sign
                0xc0d00780       0xac obj/app_main.o
                0xc0d00780                tx_accept_sign
 .text.tx_reject
                0xc0d0082c       0x20 obj/app_main.o
                0xc0d0082c                tx_reject
 .text.addr_getData
                0xc0d0084c       0x78 obj/app_main.o
                0xc0d0084c                addr_getData
 .text.addr_accept
                0xc0d008c4      0x108 obj/app_main.o
                0xc0d008c4                addr_accept
 .text.addr_reject
                0xc0d009cc       0x20 obj/app_main.o
                0xc0d009cc                addr_reject
 .text.handleApdu
                0xc0d009ec      0x29c obj/app_main.o
                0xc0d009ec                handleApdu
 .text.handle_generic_apdu
                0xc0d00c88       0x6c obj/app_main.o
                0xc0d00c88                handle_generic_apdu
 .text.app_init
                0xc0d00cf4       0x1c obj/app_main.o
                0xc0d00cf4                app_init
 .text.app_main
                0xc0d00d10       0xd4 obj/app_main.o
                0xc0d00d10                app_main
 .text.bech32EncodeFromBytes
                0xc0d00de4       0x3c obj/bech32.o
                0xc0d00de4                bech32EncodeFromBytes
 .text.buffering_init
                0xc0d00e20       0x30 obj/buffering.o
                0xc0d00e20                buffering_init
 .text.buffering_reset
                0xc0d00e50       0x24 obj/buffering.o
                0xc0d00e50                buffering_reset
 .text.buffering_append
                0xc0d00e74       0x7c obj/buffering.o
                0xc0d00e74                buffering_append
 .text.buffering_get_buffer
                0xc0d00ef0       0x14 obj/buffering.o
                0xc0d00ef0                buffering_get_buffer
 .text.keys_secp256k1
                0xc0d00f04       0x30 obj/crypto.o
                0xc0d00f04                keys_secp256k1
 .text.sign_secp256k1
                0xc0d00f34       0x70 obj/crypto.o
                0xc0d00f34                sign_secp256k1
 .text.getPubKey
                0xc0d00fa4       0x34 obj/crypto.o
                0xc0d00fa4                getPubKey
 .text.get_pk_compressed
                0xc0d00fd8       0x2c obj/crypto.o
                0xc0d00fd8                get_pk_compressed
 .text.get_bech32_addr
                0xc0d01004       0x70 obj/crypto.o
                0xc0d01004                get_bech32_addr
 .text.jsmn_parse
                0xc0d01074      0x484 obj/jsmn.o
                0xc0d01074                jsmn_parse
 .text.jsmn_init
                0xc0d014f8       0x10 obj/jsmn.o
                0xc0d014f8                jsmn_init
 .text.json_parse_s
                0xc0d01508       0xf8 obj/json_parser.o
                0xc0d01508                json_parse_s
 .text.array_get_nth_element
                0xc0d01600       0x60 obj/json_parser.o
                0xc0d01600                array_get_nth_element
 .text.object_get_element_count
                0xc0d01660       0x64 obj/json_parser.o
                0xc0d01660                object_get_element_count
 .text.object_get_nth_key
                0xc0d016c4       0x60 obj/json_parser.o
                0xc0d016c4                object_get_nth_key
 .text.object_get_nth_value
                0xc0d01724       0x20 obj/json_parser.o
                0xc0d01724                object_get_nth_value
 .text.object_get_value
                0xc0d01744       0x9c obj/json_parser.o
                0xc0d01744                object_get_value
 .text.os_boot  0xc0d017e0        0x6 obj/os.o
                0xc0d017e0                os_boot
 .text.try_context_set
                0xc0d017e6        0x4 obj/os.o
                0xc0d017e6                try_context_set
 *fill*         0xc0d017ea        0x2 00
 .text.io_usb_hid_receive
                0xc0d017ec      0x150 obj/os.o
                0xc0d017ec                io_usb_hid_receive
 .text.os_memset
                0xc0d0193c       0x12 obj/os.o
                0xc0d0193c                os_memset
 .text.os_memmove
                0xc0d0194e       0x36 obj/os.o
                0xc0d0194e                os_memmove
 .text.io_usb_hid_init
                0xc0d01984        0xc obj/os.o
                0xc0d01984                io_usb_hid_init
 .text.io_usb_hid_sent
                0xc0d01990       0xc4 obj/os.o
                0xc0d01990                io_usb_hid_sent
 .text.io_usb_hid_send
                0xc0d01a54       0x34 obj/os.o
                0xc0d01a54                io_usb_hid_send
 .text.os_memcmp
                0xc0d01a88       0x2e obj/os.o
                0xc0d01a88                os_memcmp
 .text.os_longjmp
                0xc0d01ab6        0xa obj/os.o
                0xc0d01ab6                os_longjmp
 .text.try_context_get
                0xc0d01ac0        0x4 obj/os.o
                0xc0d01ac0                try_context_get
 .text.try_context_get_previous
                0xc0d01ac4        0xc obj/os.o
                0xc0d01ac4                try_context_get_previous
 .text.io_seproxyhal_general_status
                0xc0d01ad0       0x28 obj/os_io_seproxyhal.o
                0xc0d01ad0                io_seproxyhal_general_status
 .text.io_seproxyhal_handle_usb_event
                0xc0d01af8       0x7c obj/os_io_seproxyhal.o
                0xc0d01af8                io_seproxyhal_handle_usb_event
 .text.io_seproxyhal_get_ep_rx_size
                0xc0d01b74       0x10 obj/os_io_seproxyhal.o
                0xc0d01b74                io_seproxyhal_get_ep_rx_size
 .text.io_seproxyhal_handle_usb_ep_xfer_event
                0xc0d01b84       0x68 obj/os_io_seproxyhal.o
                0xc0d01b84                io_seproxyhal_handle_usb_ep_xfer_event
 .text.io_usb_send_ep
                0xc0d01bec       0x4c obj/os_io_seproxyhal.o
                0xc0d01bec                io_usb_send_ep
 .text.io_usb_send_apdu_data
                0xc0d01c38       0x10 obj/os_io_seproxyhal.o
                0xc0d01c38                io_usb_send_apdu_data
 .text.io_seproxyhal_handle_capdu_event
                0xc0d01c48       0x4c obj/os_io_seproxyhal.o
                0xc0d01c48                io_seproxyhal_handle_capdu_event
 .text.io_seproxyhal_handle_event
                0xc0d01c94       0x8c obj/os_io_seproxyhal.o
                0xc0d01c94                io_seproxyhal_handle_event
 .text.io_seproxyhal_init
                0xc0d01d20       0x50 obj/os_io_seproxyhal.o
                0xc0d01d20                io_seproxyhal_init
 .text.io_seproxyhal_init_ux
                0xc0d01d70        0xc obj/os_io_seproxyhal.o
                0xc0d01d70                io_seproxyhal_init_ux
 .text.io_seproxyhal_init_button
                0xc0d01d7c       0x14 obj/os_io_seproxyhal.o
                0xc0d01d7c                io_seproxyhal_init_button
 .text.io_seproxyhal_touch_out
                0xc0d01d90       0x46 obj/os_io_seproxyhal.o
                0xc0d01d90                io_seproxyhal_touch_out
 .text.io_seproxyhal_touch_over
                0xc0d01dd6       0x60 obj/os_io_seproxyhal.o
                0xc0d01dd6                io_seproxyhal_touch_over
 .text.io_seproxyhal_touch_tap
                0xc0d01e36       0x46 obj/os_io_seproxyhal.o
                0xc0d01e36                io_seproxyhal_touch_tap
 .text.io_seproxyhal_touch_element_callback
                0xc0d01e7c      0x110 obj/os_io_seproxyhal.o
                0xc0d01e7c                io_seproxyhal_touch_element_callback
 .text.io_seproxyhal_display_icon
                0xc0d01f8c       0x8c obj/os_io_seproxyhal.o
                0xc0d01f8c                io_seproxyhal_display_icon
 .text.io_seproxyhal_display_default
                0xc0d02018       0x84 obj/os_io_seproxyhal.o
                0xc0d02018                io_seproxyhal_display_default
 .text.bagl_label_roundtrip_duration_ms
                0xc0d0209c        0xc obj/os_io_seproxyhal.o
                0xc0d0209c                bagl_label_roundtrip_duration_ms
 .text.bagl_label_roundtrip_duration_ms_buf
                0xc0d020a8       0x4a obj/os_io_seproxyhal.o
                0xc0d020a8                bagl_label_roundtrip_duration_ms_buf
 *fill*         0xc0d020f2        0x2 00
 .text.io_seproxyhal_se_reset
                0xc0d020f4       0x1c obj/os_io_seproxyhal.o
                0xc0d020f4                io_seproxyhal_se_reset
 .text.io_seproxyhal_button_push
                0xc0d02110       0x74 obj/os_io_seproxyhal.o
                0xc0d02110                io_seproxyhal_button_push
 .text.os_io_seproxyhal_get_app_name_and_version
                0xc0d02184       0x48 obj/os_io_seproxyhal.o
                0xc0d02184                os_io_seproxyhal_get_app_name_and_version
 .text.io_exchange
                0xc0d021cc      0x25c obj/os_io_seproxyhal.o
                0xc0d021cc                io_exchange
 .text.ux_menu_element_preprocessor
                0xc0d02428      0x188 obj/os_io_seproxyhal.o
                0xc0d02428                ux_menu_element_preprocessor
 .text.ux_menu_elements_button
                0xc0d025b0      0x128 obj/os_io_seproxyhal.o
                0xc0d025b0                ux_menu_elements_button
 .text.ux_menu_display
                0xc0d026d8      0x11c obj/os_io_seproxyhal.o
                0xc0d026d8                ux_menu_display
 .text.ux_check_status_default
                0xc0d027f4        0x2 obj/os_io_seproxyhal.o
                0xc0d027f4                ux_check_status
                0xc0d027f4                ux_check_status_default
 *fill*         0xc0d027f6        0x2 00
 .text.snprintf
                0xc0d027f8      0x42c obj/os_printf.o
                0xc0d027f8                snprintf
 .text.pic      0xc0d02c24       0x1c obj/pic.o
                0xc0d02c24                pic
 .text.pic_internal
                0xc0d02c40       0x10 obj/pic_internal.o
                0xc0d02c40                pic_internal
 .text.bech32_polymod_step
                0xc0d02c50       0x60 obj/segwit_addr.o
                0xc0d02c50                bech32_polymod_step
 .text.bech32_encode
                0xc0d02cb0      0x120 obj/segwit_addr.o
                0xc0d02cb0                bech32_encode
 .text.convert_bits
                0xc0d02dd0       0xaa obj/segwit_addr.o
                0xc0d02dd0                convert_bits
 .text.SVC_Call
                0xc0d02e7a        0x4 obj/syscalls.o
                0xc0d02e7a                SVC_Call
 *fill*         0xc0d02e7e        0x2 00
 .text.check_api_level
                0xc0d02e80       0x2c obj/syscalls.o
                0xc0d02e80                check_api_level
 .text.reset    0xc0d02eac       0x28 obj/syscalls.o
                0xc0d02eac                reset
 .text.nvm_write
                0xc0d02ed4       0x2c obj/syscalls.o
                0xc0d02ed4                nvm_write
 .text.cx_rng   0xc0d02f00       0x30 obj/syscalls.o
                0xc0d02f00                cx_rng
 .text.cx_hash  0xc0d02f30       0x38 obj/syscalls.o
                0xc0d02f30                cx_hash
 .text.cx_ripemd160_init
                0xc0d02f68       0x2c obj/syscalls.o
                0xc0d02f68                cx_ripemd160_init
 .text.cx_hash_sha256
                0xc0d02f94       0x30 obj/syscalls.o
                0xc0d02f94                cx_hash_sha256
 .text.cx_ecfp_init_public_key
                0xc0d02fc4       0x30 obj/syscalls.o
                0xc0d02fc4                cx_ecfp_init_public_key
 .text.cx_ecfp_init_private_key
                0xc0d02ff4       0x30 obj/syscalls.o
                0xc0d02ff4                cx_ecfp_init_private_key
 .text.cx_ecfp_generate_pair
                0xc0d03024       0x30 obj/syscalls.o
                0xc0d03024                cx_ecfp_generate_pair
 .text.cx_ecdsa_sign
                0xc0d03054       0x40 obj/syscalls.o
                0xc0d03054                cx_ecdsa_sign
 .text.cx_crc16_update
                0xc0d03094       0x30 obj/syscalls.o
                0xc0d03094                cx_crc16_update
 .text.os_perso_derive_node_bip32
                0xc0d030c4       0x30 obj/syscalls.o
                0xc0d030c4                os_perso_derive_node_bip32
 .text.os_sched_exit
                0xc0d030f4       0x2c obj/syscalls.o
                0xc0d030f4                os_sched_exit
 .text.os_ux    0xc0d03120       0x2c obj/syscalls.o
                0xc0d03120                os_ux
 .text.os_flags
                0xc0d0314c       0x2c obj/syscalls.o
                0xc0d0314c                os_flags
 .text.os_version
                0xc0d03178       0x30 obj/syscalls.o
                0xc0d03178                os_version
 .text.os_seph_version
                0xc0d031a8       0x30 obj/syscalls.o
                0xc0d031a8                os_seph_version
 .text.os_registry_get_current_app_tag
                0xc0d031d8       0x30 obj/syscalls.o
                0xc0d031d8                os_registry_get_current_app_tag
 .text.io_seproxyhal_spi_send
                0xc0d03208       0x2c obj/syscalls.o
                0xc0d03208                io_seproxyhal_spi_send
 .text.io_seproxyhal_spi_is_status_sent
                0xc0d03234       0x2c obj/syscalls.o
                0xc0d03234                io_seproxyhal_spi_is_status_sent
 .text.io_seproxyhal_spi_recv
                0xc0d03260       0x30 obj/syscalls.o
                0xc0d03260                io_seproxyhal_spi_recv
 .text.transaction_initialize
                0xc0d03290       0x24 obj/transaction.o
                0xc0d03290                transaction_initialize
 .text.transaction_reset
                0xc0d032b4        0x8 obj/transaction.o
                0xc0d032b4                transaction_reset
 .text.transaction_append
                0xc0d032bc        0x8 obj/transaction.o
                0xc0d032bc                transaction_append
 .text.transaction_get_buffer_length
                0xc0d032c4        0xa obj/transaction.o
                0xc0d032c4                transaction_get_buffer_length
 .text.transaction_get_buffer
                0xc0d032ce        0xa obj/transaction.o
                0xc0d032ce                transaction_get_buffer
 .text.transaction_parse
                0xc0d032d8       0x3c obj/transaction.o
                0xc0d032d8                transaction_parse
 .text.tx_display_index_root
                0xc0d03314      0x1b0 obj/tx_display.o
                0xc0d03314                tx_display_index_root
 .text.tx_display_num_pages
                0xc0d034c4       0x14 obj/tx_display.o
                0xc0d034c4                tx_display_num_pages
 .text.tx_display_get_item
                0xc0d034d8      0x10c obj/tx_display.o
                0xc0d034d8                tx_display_get_item
 .text.tx_display_make_friendly
                0xc0d035e4       0x8c obj/tx_display.o
                0xc0d035e4                tx_display_make_friendly
 .text.set_parsing_context
                0xc0d03670       0x14 obj/tx_parser.o
                0xc0d03670                set_parsing_context
 .text.tx_traverse
                0xc0d03684      0x264 obj/tx_parser.o
                0xc0d03684                tx_traverse
 .text.contains_whitespace
                0xc0d038e8       0xa8 obj/tx_validate.o
                0xc0d038e8                contains_whitespace
 .text.dictionaries_sorted
                0xc0d03990       0x90 obj/tx_validate.o
                0xc0d03990                dictionaries_sorted
 .text.json_validate
                0xc0d03a20      0x174 obj/tx_validate.o
                0xc0d03a20                json_validate
 .text.u2f_apdu_sign
                0xc0d03b94      0x10c obj/u2f_impl.o
                0xc0d03b94                u2f_apdu_sign
 .text.u2f_handle_cmd_init
                0xc0d03ca0       0x8c obj/u2f_impl.o
                0xc0d03ca0                u2f_handle_cmd_init
 .text.u2f_handle_cmd_msg
                0xc0d03d2c       0xbc obj/u2f_impl.o
                0xc0d03d2c                u2f_handle_cmd_msg
 .text.u2f_message_complete
                0xc0d03de8       0x3a obj/u2f_impl.o
                0xc0d03de8                u2f_message_complete
 *fill*         0xc0d03e22        0x2 00
 .text.u2f_io_send
                0xc0d03e24       0x34 obj/u2f_io.o
                0xc0d03e24                u2f_io_send
 .text.u2f_transport_init
                0xc0d03e58       0x1a obj/u2f_transport.o
                0xc0d03e58                u2f_transport_init
 *fill*         0xc0d03e72        0x2 00
 .text.u2f_transport_sent
                0xc0d03e74       0xec obj/u2f_transport.o
                0xc0d03e74                u2f_transport_sent
 .text.u2f_transport_send_usb_user_presence_required
                0xc0d03f60       0x3c obj/u2f_transport.o
                0xc0d03f60                u2f_transport_send_usb_user_presence_required
 .text.u2f_transport_send_wink
                0xc0d03f9c       0x30 obj/u2f_transport.o
                0xc0d03f9c                u2f_transport_send_wink
 .text.u2f_transport_receive_fakeChannel
                0xc0d03fcc      0x11c obj/u2f_transport.o
                0xc0d03fcc                u2f_transport_receive_fakeChannel
 .text.u2f_transport_received
                0xc0d040e8      0x3cc obj/u2f_transport.o
                0xc0d040e8                u2f_transport_received
 .text.u2f_is_channel_broadcast
                0xc0d044b4       0x20 obj/u2f_transport.o
                0xc0d044b4                u2f_is_channel_broadcast
 .text.u2f_message_set_autoreply_wait_user_presence
                0xc0d044d4       0x26 obj/u2f_transport.o
                0xc0d044d4                u2f_message_set_autoreply_wait_user_presence
 .text.u2f_message_repliable
                0xc0d044fa       0x30 obj/u2f_transport.o
                0xc0d044fa                u2f_message_repliable
 .text.u2f_message_reply
                0xc0d0452a       0x3c obj/u2f_transport.o
                0xc0d0452a                u2f_message_reply
 *fill*         0xc0d04566        0x2 00
 .text.USBD_LL_Init
                0xc0d04568       0x14 obj/usbd_conf.o
                0xc0d04568                USBD_LL_Init
 .text.USBD_LL_DeInit
                0xc0d0457c       0x24 obj/usbd_conf.o
                0xc0d0457c                USBD_LL_DeInit
 .text.USBD_LL_Start
                0xc0d045a0       0x38 obj/usbd_conf.o
                0xc0d045a0                USBD_LL_Start
 .text.USBD_LL_Stop
                0xc0d045d8       0x22 obj/usbd_conf.o
                0xc0d045d8                USBD_LL_Stop
 *fill*         0xc0d045fa        0x2 00
 .text.USBD_LL_OpenEP
                0xc0d045fc       0x4c obj/usbd_conf.o
                0xc0d045fc                USBD_LL_OpenEP
 .text.USBD_LL_CloseEP
                0xc0d04648       0x2c obj/usbd_conf.o
                0xc0d04648                USBD_LL_CloseEP
 .text.USBD_LL_StallEP
                0xc0d04674       0x4c obj/usbd_conf.o
                0xc0d04674                USBD_LL_StallEP
 .text.USBD_LL_ClearStallEP
                0xc0d046c0       0x48 obj/usbd_conf.o
                0xc0d046c0                USBD_LL_ClearStallEP
 .text.USBD_LL_IsStallEP
                0xc0d04708       0x24 obj/usbd_conf.o
                0xc0d04708                USBD_LL_IsStallEP
 .text.USBD_LL_SetUSBAddress
                0xc0d0472c       0x24 obj/usbd_conf.o
                0xc0d0472c                USBD_LL_SetUSBAddress
 .text.USBD_LL_Transmit
                0xc0d04750       0x32 obj/usbd_conf.o
                0xc0d04750                USBD_LL_Transmit
 .text.USBD_LL_PrepareReceive
                0xc0d04782       0x26 obj/usbd_conf.o
                0xc0d04782                USBD_LL_PrepareReceive
 .text.USBD_Init
                0xc0d047a8       0x36 obj/usbd_core.o
                0xc0d047a8                USBD_Init
 .text.USBD_DeInit
                0xc0d047de       0x3e obj/usbd_core.o
                0xc0d047de                USBD_DeInit
 .text.USBD_RegisterClassForInterface
                0xc0d0481c       0x1a obj/usbd_core.o
                0xc0d0481c                USBD_RegisterClassForInterface
 .text.USBD_Start
                0xc0d04836        0xa obj/usbd_core.o
                0xc0d04836                USBD_Start
 .text.USBD_SetClassConfig
                0xc0d04840       0x3a obj/usbd_core.o
                0xc0d04840                USBD_SetClassConfig
 .text.USBD_ClrClassConfig
                0xc0d0487a       0x3a obj/usbd_core.o
                0xc0d0487a                USBD_ClrClassConfig
 .text.USBD_LL_SetupStage
                0xc0d048b4       0x5e obj/usbd_core.o
                0xc0d048b4                USBD_LL_SetupStage
 .text.USBD_LL_DataOutStage
                0xc0d04912       0xbe obj/usbd_core.o
                0xc0d04912                USBD_LL_DataOutStage
 .text.USBD_LL_DataInStage
                0xc0d049d0       0xf2 obj/usbd_core.o
                0xc0d049d0                USBD_LL_DataInStage
 .text.USBD_LL_Reset
                0xc0d04ac2       0x42 obj/usbd_core.o
                0xc0d04ac2                USBD_LL_Reset
 .text.USBD_LL_SetSpeed
                0xc0d04b04        0x6 obj/usbd_core.o
                0xc0d04b04                USBD_LL_SetSpeed
 .text.USBD_LL_Suspend
                0xc0d04b0a        0x4 obj/usbd_core.o
                0xc0d04b0a                USBD_LL_Suspend
 .text.USBD_LL_Resume
                0xc0d04b0e        0x4 obj/usbd_core.o
                0xc0d04b0e                USBD_LL_Resume
 .text.USBD_LL_SOF
                0xc0d04b12       0x3e obj/usbd_core.o
                0xc0d04b12                USBD_LL_SOF
 .text.usbd_is_valid_intf
                0xc0d04b50       0x1c obj/usbd_ctlreq.o
                0xc0d04b50                usbd_is_valid_intf
 .text.USBD_StdDevReq
                0xc0d04b6c       0x5a obj/usbd_ctlreq.o
                0xc0d04b6c                USBD_StdDevReq
 .text.USBD_GetDescriptor
                0xc0d04bc6      0x11a obj/usbd_ctlreq.o
                0xc0d04bc6                USBD_GetDescriptor
 .text.USBD_SetAddress
                0xc0d04ce0       0x4a obj/usbd_ctlreq.o
                0xc0d04ce0                USBD_SetAddress
 .text.USBD_SetConfig
                0xc0d04d2a       0x6e obj/usbd_ctlreq.o
                0xc0d04d2a                USBD_SetConfig
 .text.USBD_GetConfig
                0xc0d04d98       0x2e obj/usbd_ctlreq.o
                0xc0d04d98                USBD_GetConfig
 .text.USBD_GetStatus
                0xc0d04dc6       0x46 obj/usbd_ctlreq.o
                0xc0d04dc6                USBD_GetStatus
 .text.USBD_SetFeature
                0xc0d04e0c       0x3e obj/usbd_ctlreq.o
                0xc0d04e0c                USBD_SetFeature
 .text.USBD_ClrFeature
                0xc0d04e4a       0x54 obj/usbd_ctlreq.o
                0xc0d04e4a                USBD_ClrFeature
 .text.USBD_CtlError
                0xc0d04e9e       0x14 obj/usbd_ctlreq.o
                0xc0d04e9e                USBD_CtlError
 .text.USBD_StdItfReq
                0xc0d04eb2       0x4a obj/usbd_ctlreq.o
                0xc0d04eb2                USBD_StdItfReq
 .text.USBD_StdEPReq
                0xc0d04efc      0x116 obj/usbd_ctlreq.o
                0xc0d04efc                USBD_StdEPReq
 .text.USBD_ParseSetupRequest
                0xc0d05012       0x28 obj/usbd_ctlreq.o
                0xc0d05012                USBD_ParseSetupRequest
 .text.USBD_HID_Setup
                0xc0d0503a       0x98 obj/usbd_hid.o
                0xc0d0503a                USBD_HID_Setup
 .text.USBD_HID_Init
                0xc0d050d2       0x32 obj/usbd_hid.o
                0xc0d050d2                USBD_HID_Init
 .text.USBD_HID_DeInit
                0xc0d05104       0x16 obj/usbd_hid.o
                0xc0d05104                USBD_HID_DeInit
 *fill*         0xc0d0511a        0x2 00
 .text.USBD_HID_GetHidDescriptor_impl
                0xc0d0511c       0x34 obj/usbd_impl.o
                0xc0d0511c                USBD_HID_GetHidDescriptor_impl
 .text.USBD_HID_GetReportDescriptor_impl
                0xc0d05150       0x68 obj/usbd_impl.o
                0xc0d05150                USBD_HID_GetReportDescriptor_impl
 .text.USBD_U2F_Init
                0xc0d051b8       0x32 obj/usbd_impl.o
                0xc0d051b8                USBD_U2F_Init
 *fill*         0xc0d051ea        0x2 00
 .text.USBD_U2F_DataIn_impl
                0xc0d051ec       0x18 obj/usbd_impl.o
                0xc0d051ec                USBD_U2F_DataIn_impl
 .text.USBD_U2F_DataOut_impl
                0xc0d05204       0x2c obj/usbd_impl.o
                0xc0d05204                USBD_U2F_DataOut_impl
 .text.USBD_HID_DataIn_impl
                0xc0d05230       0x18 obj/usbd_impl.o
                0xc0d05230                USBD_HID_DataIn_impl
 .text.USBD_HID_DataOut_impl
                0xc0d05248       0x58 obj/usbd_impl.o
                0xc0d05248                USBD_HID_DataOut_impl
 .text.USBD_DeviceDescriptor
                0xc0d052a0       0x10 obj/usbd_impl.o
 .text.USBD_LangIDStrDescriptor
                0xc0d052b0       0x10 obj/usbd_impl.o
 .text.USBD_ManufacturerStrDescriptor
                0xc0d052c0       0x10 obj/usbd_impl.o
 .text.USBD_ProductStrDescriptor
                0xc0d052d0       0x10 obj/usbd_impl.o
 .text.USBD_SerialStrDescriptor
                0xc0d052e0       0x10 obj/usbd_impl.o
 .text.USBD_ConfigStrDescriptor
                0xc0d052f0       0x10 obj/usbd_impl.o
 .text.USBD_InterfaceStrDescriptor
                0xc0d05300       0x10 obj/usbd_impl.o
 .text.USB_power
                0xc0d05310       0x7c obj/usbd_impl.o
                0xc0d05310                USB_power
 .text.USBD_GetCfgDesc_impl
                0xc0d0538c       0x10 obj/usbd_impl.o
 .text.USBD_GetDeviceQualifierDesc_impl
                0xc0d0539c       0x10 obj/usbd_impl.o
 .text.USBD_CtlSendData
                0xc0d053ac       0x2c obj/usbd_ioreq.o
                0xc0d053ac                USBD_CtlSendData
 .text.USBD_CtlContinueSendData
                0xc0d053d8       0x1c obj/usbd_ioreq.o
                0xc0d053d8                USBD_CtlContinueSendData
 .text.USBD_CtlContinueRx
                0xc0d053f4        0xe obj/usbd_ioreq.o
                0xc0d053f4                USBD_CtlContinueRx
 .text.USBD_CtlSendStatus
                0xc0d05402       0x18 obj/usbd_ioreq.o
                0xc0d05402                USBD_CtlSendStatus
 .text.USBD_CtlReceiveStatus
                0xc0d0541a       0x16 obj/usbd_ioreq.o
                0xc0d0541a                USBD_CtlReceiveStatus
 .text.accept   0xc0d05430       0x14 obj/view.o
                0xc0d05430                accept
 .text.reject   0xc0d05444       0x14 obj/view.o
                0xc0d05444                reject
 .text.show_idle_menu
                0xc0d05458       0x14 obj/view.o
                0xc0d05458                show_idle_menu
 .text.view_idle
                0xc0d0546c       0x14 obj/view.o
                0xc0d0546c                view_idle
 .text.view_tx_show
                0xc0d05480       0x20 obj/view.o
                0xc0d05480                view_tx_show
 .text.view_addr_choose_show
                0xc0d054a0       0x50 obj/view.o
                0xc0d054a0                view_addr_choose_show
 .text.view_addr_choose_prepro
                0xc0d054f0       0xa4 obj/view.o
                0xc0d054f0                view_addr_choose_prepro
 .text.io_seproxyhal_display
                0xc0d05594        0x8 obj/view.o
                0xc0d05594                io_seproxyhal_display
 .text.view_init
                0xc0d0559c       0x14 obj/view.o
                0xc0d0559c                view_init
 .text.view_status
                0xc0d055b0       0x14 obj/view.o
                0xc0d055b0                view_status
 .text.view_tx_menu
                0xc0d055c4       0x14 obj/view.o
                0xc0d055c4                view_tx_menu
 .text.view_addr_choose_update
                0xc0d055d8      0x1f4 obj/view.o
                0xc0d055d8                view_addr_choose_update
 .text.view_addr_choose_button
                0xc0d057cc      0x124 obj/view.o
 .text.view_addr_choose_refresh
                0xc0d058f0       0xa0 obj/view.o
                0xc0d058f0                view_addr_choose_refresh
 .text.view_addr_confirm
                0xc0d05990       0x38 obj/view.o
                0xc0d05990                view_addr_confirm
 .text.view_set_handlers
                0xc0d059c8       0x1c obj/view.o
                0xc0d059c8                view_set_handlers
 .text.viewctl_start
                0xc0d059e4       0x48 obj/view_common.o
                0xc0d059e4                viewctl_start
 .text.submenu_left
                0xc0d05a2c       0x18 obj/view_common.o
                0xc0d05a2c                submenu_left
 .text.submenu_right
                0xc0d05a44       0x18 obj/view_common.o
                0xc0d05a44                submenu_right
 .text.menu_left
                0xc0d05a5c       0x34 obj/view_common.o
                0xc0d05a5c                menu_left
 .text.menu_right
                0xc0d05a90       0x3c obj/view_common.o
                0xc0d05a90                menu_right
 .text.viewctl_dataValue_split
                0xc0d05acc        0x2 obj/view_common.o
                0xc0d05acc                viewctl_dataValue_split
 *fill*         0xc0d05ace        0x2 00
 .text.viewctl_display_page
                0xc0d05ad0      0x128 obj/view_common.o
                0xc0d05ad0                viewctl_display_page
 .text.viewexpl_bagl_prepro
                0xc0d05bf8       0x44 obj/view_expl.o
                0xc0d05bf8                viewexpl_bagl_prepro
 .text.viewexpl_display_ux
                0xc0d05c3c      0x140 obj/view_expl.o
                0xc0d05c3c                viewexpl_display_ux
 .text.viewexpl_bagl_valuescrolling_button
                0xc0d05d7c        0xa obj/view_expl.o
 *fill*         0xc0d05d86        0x2 00
 .text.viewexpl_bagl_keyscrolling_button
                0xc0d05d88       0x90 obj/view_expl.o
 .text.viewexpl_start
                0xc0d05e18       0x18 obj/view_expl.o
                0xc0d05e18                viewexpl_start
 .text.utf8codepoint
                0xc0d05e30       0x6c obj/zxmacros.o
                0xc0d05e30                utf8codepoint
 .text.utf8valid
                0xc0d05e9c       0xba obj/zxmacros.o
                0xc0d05e9c                utf8valid
 .text.asciify  0xc0d05f56        0xa obj/zxmacros.o
                0xc0d05f56                asciify
 .text.asciify_ext
                0xc0d05f60       0x4c obj/zxmacros.o
                0xc0d05f60                asciify_ext
 .text          0xc0d05fac      0x114 /opt/bolos/gcc-arm-none-eabi-5_3-2016q1/bin/../lib/gcc/arm-none-eabi/5.3.1/armv6-m/libgcc.a(_udivsi3.o)
                0xc0d05fac                __udivsi3
                0xc0d05fac                __aeabi_uidiv
                0xc0d060b8                __aeabi_uidivmod
 .text          0xc0d060c0      0x1d4 /opt/bolos/gcc-arm-none-eabi-5_3-2016q1/bin/../lib/gcc/arm-none-eabi/5.3.1/armv6-m/libgcc.a(_divsi3.o)
                0xc0d060c0                __aeabi_idiv
                0xc0d060c0                __divsi3
                0xc0d0628c                __aeabi_idivmod
 .text          0xc0d06294        0x4 /opt/bolos/gcc-arm-none-eabi-5_3-2016q1/bin/../lib/gcc/arm-none-eabi/5.3.1/armv6-m/libgcc.a(_dvmd_tls.o)
                0xc0d06294                __aeabi_ldiv0
                0xc0d06294                __aeabi_idiv0
 .text.__aeabi_memclr
                0xc0d06298        0xc /opt/bolos/gcc-arm-none-eabi-5_3-2016q1/bin/../lib/gcc/arm-none-eabi/5.3.1/../../../../arm-none-eabi/lib/armv6-m/libc.a(lib_a-aeabi_memclr.o)
                0xc0d06298                __aeabi_memclr8
                0xc0d06298                __aeabi_memclr
                0xc0d06298                __aeabi_memclr4
 .text.__aeabi_memcpy
                0xc0d062a4        0x8 /opt/bolos/gcc-arm-none-eabi-5_3-2016q1/bin/../lib/gcc/arm-none-eabi/5.3.1/../../../../arm-none-eabi/lib/armv6-m/libc.a(lib_a-aeabi_memcpy.o)
                0xc0d062a4                __aeabi_memcpy
                0xc0d062a4                __aeabi_memcpy4
                0xc0d062a4                __aeabi_memcpy8
 .text.__aeabi_memset
                0xc0d062ac       0x10 /opt/bolos/gcc-arm-none-eabi-5_3-2016q1/bin/../lib/gcc/arm-none-eabi/5.3.1/../../../../arm-none-eabi/lib/armv6-m/libc.a(lib_a-aeabi_memset.o)
                0xc0d062ac                __aeabi_memset
                0xc0d062ac                __aeabi_memset8
                0xc0d062ac                __aeabi_memset4
 .text.memcpy   0xc0d062bc       0x7c /opt/bolos/gcc-arm-none-eabi-5_3-2016q1/bin/../lib/gcc/arm-none-eabi/5.3.1/../../../../arm-none-eabi/lib/armv6-m/libc.a(lib_a-memcpy-stub.o)
                0xc0d062bc                memcpy
 .text.memset   0xc0d06338       0x8c /opt/bolos/gcc-arm-none-eabi-5_3-2016q1/bin/../lib/gcc/arm-none-eabi/5.3.1/../../../../arm-none-eabi/lib/armv6-m/libc.a(lib_a-memset.o)
                0xc0d06338                memset
 .text          0xc0d063c4       0x34 /opt/bolos/gcc-arm-none-eabi-5_3-2016q1/bin/../lib/gcc/arm-none-eabi/5.3.1/../../../../arm-none-eabi/lib/armv6-m/libc.a(lib_a-setjmp.o)
                0xc0d063c4                setjmp
                0xc0d063dc                longjmp
 .text          0xc0d063f8       0x88 /opt/bolos/gcc-arm-none-eabi-5_3-2016q1/bin/../lib/gcc/arm-none-eabi/5.3.1/../../../../arm-none-eabi/lib/armv6-m/libc.a(lib_a-strcmp.o)
                0xc0d063f8                strcmp
 .text.strlen   0xc0d06480       0x68 /opt/bolos/gcc-arm-none-eabi-5_3-2016q1/bin/../lib/gcc/arm-none-eabi/5.3.1/../../../../arm-none-eabi/lib/armv6-m/libc.a(lib_a-strlen-stub.o)
                0xc0d06480                strlen
 .text.strncpy  0xc0d064e8       0x74 /opt/bolos/gcc-arm-none-eabi-5_3-2016q1/bin/../lib/gcc/arm-none-eabi/5.3.1/../../../../arm-none-eabi/lib/armv6-m/libc.a(lib_a-strncpy.o)
                0xc0d064e8                strncpy
 *(.rodata)
 *(.rodata.[^N]*)
 .rodata.C_icon_app_colors
                0xc0d0655c        0x8 obj/glyphs.o
                0xc0d0655c                C_icon_app_colors
 .rodata.C_icon_app_bitmap
                0xc0d06564       0x20 obj/glyphs.o
                0xc0d06564                C_icon_app_bitmap
 .rodata.C_icon_app
                0xc0d06584       0x14 obj/glyphs.o
                0xc0d06584                C_icon_app
 .rodata.C_icon_crossmark_colors
                0xc0d06598        0x8 obj/glyphs.o
                0xc0d06598                C_icon_crossmark_colors
 .rodata.C_icon_crossmark_bitmap
                0xc0d065a0       0x19 obj/glyphs.o
                0xc0d065a0                C_icon_crossmark_bitmap
 *fill*         0xc0d065b9        0x3 00
 .rodata.C_icon_crossmark
                0xc0d065bc       0x14 obj/glyphs.o
                0xc0d065bc                C_icon_crossmark
 .rodata.C_icon_dashboard_colors
                0xc0d065d0        0x8 obj/glyphs.o
                0xc0d065d0                C_icon_dashboard_colors
 .rodata.C_icon_dashboard_bitmap
                0xc0d065d8       0x19 obj/glyphs.o
                0xc0d065d8                C_icon_dashboard_bitmap
 *fill*         0xc0d065f1        0x3 00
 .rodata.C_icon_dashboard
                0xc0d065f4       0x14 obj/glyphs.o
                0xc0d065f4                C_icon_dashboard
 .rodata.str1.1
                0xc0d06608       0x2a obj/json_parser.o
 *fill*         0xc0d06632        0x2 00
 .rodata.ux_menu_elements
                0xc0d06634      0x1f8 obj/os_io_seproxyhal.o
                0xc0d06634                ux_menu_elements
 .rodata.UX_MENU_END_ENTRY
                0xc0d0682c       0x1c obj/os_io_seproxyhal.o
                0xc0d0682c                UX_MENU_END_ENTRY
 .rodata.str1.1
                0xc0d06848       0x12 obj/tx_display.o
                                 0x2b (size before relaxing)
 .rodata.root_max_level
                0xc0d0685a        0xc obj/tx_display.o
 .rodata.key_substitutions
                0xc0d06866      0xb54 obj/tx_display.o
 .rodata.value_substitutions
                0xc0d073ba      0x320 obj/tx_display.o
 .rodata.whitespaces
                0xc0d076da        0x6 obj/tx_validate.o
                0xc0d076da                whitespaces
 .rodata.str1.1
                0xc0d076e0       0x51 obj/tx_validate.o
                                 0x6a (size before relaxing)
 .rodata.SW_INTERNAL
                0xc0d07731        0x2 obj/u2f_impl.o
 .rodata.SW_BUSY
                0xc0d07733        0x2 obj/u2f_impl.o
 .rodata.SW_WRONG_LENGTH
                0xc0d07735        0x2 obj/u2f_impl.o
 .rodata.SW_PROOF_OF_PRESENCE_REQUIRED
                0xc0d07737        0x2 obj/u2f_impl.o
 .rodata.SW_BAD_KEY_HANDLE
                0xc0d07739        0x2 obj/u2f_impl.o
 .rodata.U2F_VERSION
                0xc0d0773b        0x8 obj/u2f_impl.o
 .rodata.INFO   0xc0d07743        0x4 obj/u2f_impl.o
 .rodata.SW_UNKNOWN_CLASS
                0xc0d07747        0x2 obj/u2f_impl.o
 .rodata.SW_UNKNOWN_INSTRUCTION
                0xc0d07749        0x2 obj/u2f_impl.o
 .rodata.BROADCAST_CHANNEL
                0xc0d0774b        0x4 obj/u2f_transport.o
 .rodata.FORBIDDEN_CHANNEL
                0xc0d0774f        0x4 obj/u2f_transport.o
 *fill*         0xc0d07753        0x1 00
 .rodata.USBD_HID_Desc_fido
                0xc0d07754        0x9 obj/usbd_impl.o
                0xc0d07754                USBD_HID_Desc_fido
 *fill*         0xc0d0775d        0x3 00
 .rodata.USBD_HID_Desc
                0xc0d07760        0x9 obj/usbd_impl.o
                0xc0d07760                USBD_HID_Desc
 .rodata.HID_ReportDesc_fido
                0xc0d07769       0x22 obj/usbd_impl.o
 .rodata.HID_ReportDesc
                0xc0d0778b       0x22 obj/usbd_impl.o
 *fill*         0xc0d077ad        0x3 00
 .rodata.HID_Desc
                0xc0d077b0       0x20 obj/usbd_impl.o
                0xc0d077b0                HID_Desc
 .rodata.USBD_HID
                0xc0d077d0       0x38 obj/usbd_impl.o
 .rodata.USBD_U2F
                0xc0d07808       0x38 obj/usbd_impl.o
 .rodata.USBD_DeviceDesc
                0xc0d07840       0x12 obj/usbd_impl.o
 .rodata.USBD_LangIDDesc
                0xc0d07852        0x4 obj/usbd_impl.o
 .rodata.USBD_MANUFACTURER_STRING
                0xc0d07856        0xe obj/usbd_impl.o
 .rodata.USBD_PRODUCT_FS_STRING
                0xc0d07864        0xe obj/usbd_impl.o
 .rodata.USB_SERIAL_STRING
                0xc0d07872        0xa obj/usbd_impl.o
 .rodata.USBD_CfgDesc
                0xc0d0787c       0x49 obj/usbd_impl.o
 *fill*         0xc0d078c5        0x3 00
 .rodata.USBD_DeviceQualifierDesc
                0xc0d078c8        0xa obj/usbd_impl.o
 .rodata.str1.1
                0xc0d078d2       0xa2 obj/view.o
 .rodata.menu_transaction_info
                0xc0d07974       0x70 obj/view.o
                0xc0d07974                menu_transaction_info
 .rodata.menu_main
                0xc0d079e4       0x8c obj/view.o
                0xc0d079e4                menu_main
 .rodata.menu_status
                0xc0d07a70       0x38 obj/view.o
                0xc0d07a70                menu_status
 .rodata.view_addr_choose
                0xc0d07aa8      0x230 obj/view.o
 .rodata.viewexpl_bagl_valuescrolling
                0xc0d07cd8      0x150 obj/view_expl.o
 .rodata.viewexpl_bagl_keyscrolling
                0xc0d07e28      0x150 obj/view_expl.o
 *(.rodata.N[^_]*)
                0xc0d07f78                . = ALIGN (0x4)
                0xc0d07f78                _etext = .
                0xc0d07f80                . = ALIGN (PAGE_SIZE)
 *fill*         0xc0d07f78        0x8 00
                0xc0d07f80                _nvram_data = .
 *(.bss.N_* .rodata.N_*)
 .bss.N_appdata_impl
                0xc0d07f80     0x2000 obj/transaction.o
                0xc0d07f80                N_appdata_impl
                0xc0d09f80                . = ALIGN (PAGE_SIZE)
                0xc0d09f80                _install_parameters = .
                [!provide]                PROVIDE (N_install_parameters, .)
                0xc0d09f80                _envram = .
                0x00002000                _nvram_data_size = (_envram - _nvram_data)

.glue_7         0xc0d09f80        0x0
 .glue_7        0xc0d09f80        0x0 linker stubs

.glue_7t        0xc0d09f80        0x0
 .glue_7t       0xc0d09f80        0x0 linker stubs

.vfp11_veneer   0xc0d09f80        0x0
 .vfp11_veneer  0xc0d09f80        0x0 linker stubs

.v4_bx          0xc0d09f80        0x0
 .v4_bx         0xc0d09f80        0x0 linker stubs

.iplt           0xc0d09f80        0x0
 .iplt          0xc0d09f80        0x0 obj/app_main.o

.data           0xd0000000        0x0
                0xd0000000                . = ALIGN (0x4)
                0xd0000000                _data = .
 *(vtable)
 *(.data*)
                0xd0000000                _edata = .

.igot.plt       0xd0000000        0x0
 .igot.plt      0xd0000000        0x0 obj/app_main.o

.bss            0x20001800      0xfec
                0x20001800                _bss = .
 *(.bss*)
 .bss.G_io_seproxyhal_spi_buffer
                0x20001800       0x80 obj/app_main.o
                0x20001800                G_io_seproxyhal_spi_buffer
 .bss.ram       0x20001880        0xc obj/buffering.o
                0x20001880                ram
 .bss.flash     0x2000188c        0xc obj/buffering.o
                0x2000188c                flash
 .bss.bip32_path
                0x20001898       0x28 obj/crypto.o
                0x20001898                bip32_path
 .bss.bip32_depth
                0x200018c0        0x1 obj/crypto.o
                0x200018c0                bip32_depth
 .bss.bech32_hrp
                0x200018c1       0x54 obj/crypto.o
                0x200018c1                bech32_hrp
 .bss.current_sigtype
                0x20001915        0x1 obj/crypto.o
                0x20001915                current_sigtype
 .bss.bech32_hrp_len
                0x20001916        0x1 obj/crypto.o
                0x20001916                bech32_hrp_len
 *fill*         0x20001917        0x1 00
 .bss.G_io_usb_hid_sequence_number
                0x20001918        0x4 obj/os.o
                0x20001918                G_io_usb_hid_sequence_number
 .bss.G_io_usb_hid_total_length
                0x2000191c        0x4 obj/os.o
                0x2000191c                G_io_usb_hid_total_length
 .bss.G_io_usb_hid_remaining_length
                0x20001920        0x4 obj/os.o
                0x20001920                G_io_usb_hid_remaining_length
 .bss.G_io_apdu_buffer
                0x20001924      0x151 obj/os.o
                0x20001924                G_io_apdu_buffer
 *fill*         0x20001a75        0x3 00
 .bss.G_io_usb_hid_current_buffer
                0x20001a78        0x4 obj/os.o
                0x20001a78                G_io_usb_hid_current_buffer
 .bss.G_io_usb_hid_channel
                0x20001a7c        0x4 obj/os.o
                0x20001a7c                G_io_usb_hid_channel
 .bss.G_io_apdu_media
                0x20001a80        0x1 obj/os_io_seproxyhal.o
                0x20001a80                G_io_apdu_media
 .bss.G_io_usb_ep_xfer_len
                0x20001a81        0x7 obj/os_io_seproxyhal.o
 .bss.G_io_usb_ep_timeouts
                0x20001a88        0xe obj/os_io_seproxyhal.o
                0x20001a88                G_io_usb_ep_timeouts
 .bss.G_io_apdu_state
                0x20001a96        0x1 obj/os_io_seproxyhal.o
                0x20001a96                G_io_apdu_state
 *fill*         0x20001a97        0x1 00
 .bss.G_io_apdu_length
                0x20001a98        0x2 obj/os_io_seproxyhal.o
                0x20001a98                G_io_apdu_length
 *fill*         0x20001a9a        0x2 00
 .bss.G_bagl_last_touched_not_released_component
                0x20001a9c        0x4 obj/os_io_seproxyhal.o
                0x20001a9c                G_bagl_last_touched_not_released_component
 .bss.G_button_mask
                0x20001aa0        0x4 obj/os_io_seproxyhal.o
                0x20001aa0                G_button_mask
 .bss.G_button_same_mask_counter
                0x20001aa4        0x4 obj/os_io_seproxyhal.o
                0x20001aa4                G_button_same_mask_counter
 .bss.G_io_u2f  0x20001aa8       0x44 obj/os_io_seproxyhal.o
                0x20001aa8                G_io_u2f
 .bss.ux_menu   0x20001aec       0x4c obj/os_io_seproxyhal.o
                0x20001aec                ux_menu
 .bss.G_io_usb_ep_buffer
                0x20001b38       0x40 obj/os_io_seproxyhal.o
                0x20001b38                G_io_usb_ep_buffer
 .bss.ram_buffer
                0x20001b78      0x1a0 obj/transaction.o
                0x20001b78                ram_buffer
 .bss.parsed_transaction
                0x20001d18      0x404 obj/transaction.o
                0x20001d18                parsed_transaction
 .bss.display_cache
                0x2000211c       0x14 obj/tx_display.o
                0x2000211c                display_cache
 .bss.parsing_context
                0x20002130       0x10 obj/tx_parser.o
                0x20002130                parsing_context
 .bss.tx_ctx    0x20002140       0x18 obj/tx_parser.o
                0x20002140                tx_ctx
 .bss.ep_in_stall
                0x20002158        0x4 obj/usbd_conf.o
                0x20002158                ep_in_stall
 .bss.ep_out_stall
                0x2000215c        0x4 obj/usbd_conf.o
                0x2000215c                ep_out_stall
 .bss.USBD_Device
                0x20002160      0x134 obj/usbd_core.o
                0x20002160                USBD_Device
 .bss.ehGetData
                0x20002294        0x4 obj/view.o
                0x20002294                ehGetData
 .bss.ehAccept  0x20002298        0x4 obj/view.o
                0x20002298                ehAccept
 .bss.ehReject  0x2000229c        0x4 obj/view.o
                0x2000229c                ehReject
 .bss.view_addr_choose_data
                0x200022a0        0xc obj/view.o
                0x200022a0                view_addr_choose_data
 .bss.ux        0x200022ac       0xb0 obj/view.o
                0x200022ac                ux
 .bss.viewctl_ehGetData
                0x2000235c        0x4 obj/view_common.o
                0x2000235c                viewctl_ehGetData
 .bss.viewctl_ehReady
                0x20002360        0x4 obj/view_common.o
                0x20002360                viewctl_ehReady
 .bss.viewctl_ehExit
                0x20002364        0x4 obj/view_common.o
                0x20002364                viewctl_ehExit
 .bss.viewctl_display_ux
                0x20002368        0x4 obj/view_common.o
                0x20002368                viewctl_display_ux
 .bss.viewctl   0x2000236c      0x11e obj/view_common.o
                0x2000236c                viewctl
                0x2000248a                _ebss = .
                0x2000248c                . = ALIGN (0x4)
 *fill*         0x2000248a        0x2 00
                0x2000248c                app_stack_canary = .
                [!provide]                PROVIDE (app_stack_canary, .)
                0x20002490                . = (. + 0x4)
 *fill*         0x2000248c        0x4 00
                0x20002490                _stack = .
                0x200027ec                . = (_stack + STACK_SIZE)
 *fill*         0x20002490      0x35c 00
                [!provide]                PROVIDE (_stack_size, STACK_SIZE)
                [!provide]                PROVIDE (_estack, ABSOLUTE (END_STACK))

DEBUG           0xd0000000        0x8
 libc.a(*)
 libm.a(*)
 libgcc.a(*)
 *(.ARM.exidx* .gnu.linkonce.armexidx.*)
 .ARM.exidx.text.io_event
                0xd0000000        0x0 obj/app_main.o
                                  0x8 (size before relaxing)
 .ARM.exidx.text.io_exchange_al
                0xd0000000        0x0 obj/app_main.o
                                  0x8 (size before relaxing)
 .ARM.exidx.text.extractHRP
                0xd0000000        0x0 obj/app_main.o
                                  0x8 (size before relaxing)
 .ARM.exidx.text.process_chunk
                0xd0000000        0x0 obj/app_main.o
                                  0x8 (size before relaxing)
 .ARM.exidx.text.tx_getData
                0xd0000000        0x0 obj/app_main.o
                                  0x8 (size before relaxing)
 .ARM.exidx.text.tx_accept_sign
                0xd0000000        0x0 obj/app_main.o
                                  0x8 (size before relaxing)
 .ARM.exidx.text.tx_reject
                0xd0000000        0x0 obj/app_main.o
                                  0x8 (size before relaxing)
 .ARM.exidx.text.addr_getData
                0xd0000000        0x0 obj/app_main.o
                                  0x8 (size before relaxing)
 .ARM.exidx.text.addr_accept
                0xd0000000        0x0 obj/app_main.o
                                  0x8 (size before relaxing)
 .ARM.exidx.text.addr_reject
                0xd0000000        0x0 obj/app_main.o
                                  0x8 (size before relaxing)
 .ARM.exidx.text.handleApdu
                0xd0000000        0x0 obj/app_main.o
                                  0x8 (size before relaxing)
 .ARM.exidx.text.handle_generic_apdu
                0xd0000000        0x0 obj/app_main.o
                                  0x8 (size before relaxing)
 .ARM.exidx.text.app_init
                0xd0000000        0x0 obj/app_main.o
                                  0x8 (size before relaxing)
 .ARM.exidx.text.app_main
                0xd0000000        0x0 obj/app_main.o
                                  0x8 (size before relaxing)
 .ARM.exidx.text.bech32EncodeFromBytes
                0xd0000000        0x0 obj/bech32.o
                                  0x8 (size before relaxing)
 .ARM.exidx.text.buffering_init
                0xd0000000        0x0 obj/buffering.o
                                  0x8 (size before relaxing)
 .ARM.exidx.text.buffering_reset
                0xd0000000        0x0 obj/buffering.o
                                  0x8 (size before relaxing)
 .ARM.exidx.text.buffering_append
                0xd0000000        0x0 obj/buffering.o
                                  0x8 (size before relaxing)
 .ARM.exidx.text.buffering_get_buffer
                0xd0000000        0x0 obj/buffering.o
                                  0x8 (size before relaxing)
 .ARM.exidx.text.keys_secp256k1
                0xd0000000        0x0 obj/crypto.o
                                  0x8 (size before relaxing)
 .ARM.exidx.text.sign_secp256k1
                0xd0000000        0x0 obj/crypto.o
                                  0x8 (size before relaxing)
 .ARM.exidx.text.getPubKey
                0xd0000000        0x0 obj/crypto.o
                                  0x8 (size before relaxing)
 .ARM.exidx.text.get_pk_compressed
                0xd0000000        0x0 obj/crypto.o
                                  0x8 (size before relaxing)
 .ARM.exidx.text.get_bech32_addr
                0xd0000000        0x0 obj/crypto.o
                                  0x8 (size before relaxing)
 .ARM.exidx.text.jsmn_parse
                0xd0000000        0x0 obj/jsmn.o
                                  0x8 (size before relaxing)
 .ARM.exidx.text.jsmn_init
                0xd0000000        0x0 obj/jsmn.o
                                  0x8 (size before relaxing)
 .ARM.exidx.text.json_parse_s
                0xd0000000        0x0 obj/json_parser.o
                                  0x8 (size before relaxing)
 .ARM.exidx.text.array_get_nth_element
                0xd0000000        0x0 obj/json_parser.o
                                  0x8 (size before relaxing)
 .ARM.exidx.text.object_get_element_count
                0xd0000000        0x0 obj/json_parser.o
                                  0x8 (size before relaxing)
 .ARM.exidx.text.object_get_nth_key
                0xd0000000        0x0 obj/json_parser.o
                                  0x8 (size before relaxing)
 .ARM.exidx.text.object_get_nth_value
                0xd0000000        0x0 obj/json_parser.o
                                  0x8 (size before relaxing)
 .ARM.exidx.text.object_get_value
                0xd0000000        0x0 obj/json_parser.o
                                  0x8 (size before relaxing)
 .ARM.exidx.boot
                0xd0000000        0x8 obj/main.o
 .ARM.exidx.text.os_boot
                0xd0000008        0x0 obj/os.o
                                  0x8 (size before relaxing)
 .ARM.exidx.text.try_context_set
                0xd0000008        0x0 obj/os.o
                                  0x8 (size before relaxing)
 .ARM.exidx.text.io_usb_hid_receive
                0xd0000008        0x0 obj/os.o
                                  0x8 (size before relaxing)
 .ARM.exidx.text.os_memset
                0xd0000008        0x0 obj/os.o
                                  0x8 (size before relaxing)
 .ARM.exidx.text.os_memmove
                0xd0000008        0x0 obj/os.o
                                  0x8 (size before relaxing)
 .ARM.exidx.text.io_usb_hid_init
                0xd0000008        0x0 obj/os.o
                                  0x8 (size before relaxing)
 .ARM.exidx.text.io_usb_hid_sent
                0xd0000008        0x0 obj/os.o
                                  0x8 (size before relaxing)
 .ARM.exidx.text.io_usb_hid_send
                0xd0000008        0x0 obj/os.o
                                  0x8 (size before relaxing)
 .ARM.exidx.text.os_memcmp
                0xd0000008        0x0 obj/os.o
                                  0x8 (size before relaxing)
 .ARM.exidx.text.os_longjmp
                0xd0000008        0x0 obj/os.o
                                  0x8 (size before relaxing)
 .ARM.exidx.text.try_context_get
                0xd0000008        0x0 obj/os.o
                                  0x8 (size before relaxing)
 .ARM.exidx.text.try_context_get_previous
                0xd0000008        0x0 obj/os.o
                                  0x8 (size before relaxing)
 .ARM.exidx.text.io_seproxyhal_general_status
                0xd0000008        0x0 obj/os_io_seproxyhal.o
                                  0x8 (size before relaxing)
 .ARM.exidx.text.io_seproxyhal_handle_usb_event
                0xd0000008        0x0 obj/os_io_seproxyhal.o
                                  0x8 (size before relaxing)
 .ARM.exidx.text.io_seproxyhal_get_ep_rx_size
                0xd0000008        0x0 obj/os_io_seproxyhal.o
                                  0x8 (size before relaxing)
 .ARM.exidx.text.io_seproxyhal_handle_usb_ep_xfer_event
                0xd0000008        0x0 obj/os_io_seproxyhal.o
                                  0x8 (size before relaxing)
 .ARM.exidx.text.io_usb_send_ep
                0xd0000008        0x0 obj/os_io_seproxyhal.o
                                  0x8 (size before relaxing)
 .ARM.exidx.text.io_usb_send_apdu_data
                0xd0000008        0x0 obj/os_io_seproxyhal.o
                                  0x8 (size before relaxing)
 .ARM.exidx.text.io_seproxyhal_handle_capdu_event
                0xd0000008        0x0 obj/os_io_seproxyhal.o
                                  0x8 (size before relaxing)
 .ARM.exidx.text.io_seproxyhal_handle_event
                0xd0000008        0x0 obj/os_io_seproxyhal.o
                                  0x8 (size before relaxing)
 .ARM.exidx.text.io_seproxyhal_init
                0xd0000008        0x0 obj/os_io_seproxyhal.o
                                  0x8 (size before relaxing)
 .ARM.exidx.text.io_seproxyhal_init_ux
                0xd0000008        0x0 obj/os_io_seproxyhal.o
                                  0x8 (size before relaxing)
 .ARM.exidx.text.io_seproxyhal_init_button
                0xd0000008        0x0 obj/os_io_seproxyhal.o
                                  0x8 (size before relaxing)
 .ARM.exidx.text.io_seproxyhal_touch_out
                0xd0000008        0x0 obj/os_io_seproxyhal.o
                                  0x8 (size before relaxing)
 .ARM.exidx.text.io_seproxyhal_touch_over
                0xd0000008        0x0 obj/os_io_seproxyhal.o
                                  0x8 (size before relaxing)
 .ARM.exidx.text.io_seproxyhal_touch_tap
                0xd0000008        0x0 obj/os_io_seproxyhal.o
                                  0x8 (size before relaxing)
 .ARM.exidx.text.io_seproxyhal_touch_element_callback
                0xd0000008        0x0 obj/os_io_seproxyhal.o
                                  0x8 (size before relaxing)
 .ARM.exidx.text.io_seproxyhal_display_icon
                0xd0000008        0x0 obj/os_io_seproxyhal.o
                                  0x8 (size before relaxing)
 .ARM.exidx.text.io_seproxyhal_display_default
                0xd0000008        0x0 obj/os_io_seproxyhal.o
                                  0x8 (size before relaxing)
 .ARM.exidx.text.bagl_label_roundtrip_duration_ms
                0xd0000008        0x0 obj/os_io_seproxyhal.o
                                  0x8 (size before relaxing)
 .ARM.exidx.text.bagl_label_roundtrip_duration_ms_buf
                0xd0000008        0x0 obj/os_io_seproxyhal.o
                                  0x8 (size before relaxing)
 .ARM.exidx.text.io_seproxyhal_se_reset
                0xd0000008        0x0 obj/os_io_seproxyhal.o
                                  0x8 (size before relaxing)
 .ARM.exidx.text.io_seproxyhal_button_push
                0xd0000008        0x0 obj/os_io_seproxyhal.o
                                  0x8 (size before relaxing)
 .ARM.exidx.text.os_io_seproxyhal_get_app_name_and_version
                0xd0000008        0x0 obj/os_io_seproxyhal.o
                                  0x8 (size before relaxing)
 .ARM.exidx.text.io_exchange
                0xd0000008        0x0 obj/os_io_seproxyhal.o
                                  0x8 (size before relaxing)
 .ARM.exidx.text.ux_menu_element_preprocessor
                0xd0000008        0x0 obj/os_io_seproxyhal.o
                                  0x8 (size before relaxing)
 .ARM.exidx.text.ux_menu_elements_button
                0xd0000008        0x0 obj/os_io_seproxyhal.o
                                  0x8 (size before relaxing)
 .ARM.exidx.text.ux_menu_display
                0xd0000008        0x0 obj/os_io_seproxyhal.o
                                  0x8 (size before relaxing)
 .ARM.exidx.text.ux_check_status_default
                0xd0000008        0x0 obj/os_io_seproxyhal.o
                                  0x8 (size before relaxing)
 .ARM.exidx.text.snprintf
                0xd0000008        0x0 obj/os_printf.o
                                  0x8 (size before relaxing)
 .ARM.exidx.text.pic
                0xd0000008        0x0 obj/pic.o
                                  0x8 (size before relaxing)
 .ARM.exidx.text.pic_internal
                0xd0000008        0x0 obj/pic_internal.o
                                  0x8 (size before relaxing)
 .ARM.exidx.text.bech32_polymod_step
                0xd0000008        0x0 obj/segwit_addr.o
                                  0x8 (size before relaxing)
 .ARM.exidx.text.bech32_encode
                0xd0000008        0x0 obj/segwit_addr.o
                                  0x8 (size before relaxing)
 .ARM.exidx.text.convert_bits
                0xd0000008        0x0 obj/segwit_addr.o
                                  0x8 (size before relaxing)
 .ARM.exidx.text.SVC_Call
                0xd0000008        0x0 obj/syscalls.o
                                  0x8 (size before relaxing)
 .ARM.exidx.text.check_api_level
                0xd0000008        0x0 obj/syscalls.o
                                  0x8 (size before relaxing)
 .ARM.exidx.text.reset
                0xd0000008        0x0 obj/syscalls.o
                                  0x8 (size before relaxing)
 .ARM.exidx.text.nvm_write
                0xd0000008        0x0 obj/syscalls.o
                                  0x8 (size before relaxing)
 .ARM.exidx.text.cx_rng
                0xd0000008        0x0 obj/syscalls.o
                                  0x8 (size before relaxing)
 .ARM.exidx.text.cx_hash
                0xd0000008        0x0 obj/syscalls.o
                                  0x8 (size before relaxing)
 .ARM.exidx.text.cx_ripemd160_init
                0xd0000008        0x0 obj/syscalls.o
                                  0x8 (size before relaxing)
 .ARM.exidx.text.cx_hash_sha256
                0xd0000008        0x0 obj/syscalls.o
                                  0x8 (size before relaxing)
 .ARM.exidx.text.cx_ecfp_init_public_key
                0xd0000008        0x0 obj/syscalls.o
                                  0x8 (size before relaxing)
 .ARM.exidx.text.cx_ecfp_init_private_key
                0xd0000008        0x0 obj/syscalls.o
                                  0x8 (size before relaxing)
 .ARM.exidx.text.cx_ecfp_generate_pair
                0xd0000008        0x0 obj/syscalls.o
                                  0x8 (size before relaxing)
 .ARM.exidx.text.cx_ecdsa_sign
                0xd0000008        0x0 obj/syscalls.o
                                  0x8 (size before relaxing)
 .ARM.exidx.text.cx_crc16_update
                0xd0000008        0x0 obj/syscalls.o
                                  0x8 (size before relaxing)
 .ARM.exidx.text.os_perso_derive_node_bip32
                0xd0000008        0x0 obj/syscalls.o
                                  0x8 (size before relaxing)
 .ARM.exidx.text.os_sched_exit
                0xd0000008        0x0 obj/syscalls.o
                                  0x8 (size before relaxing)
 .ARM.exidx.text.os_ux
                0xd0000008        0x0 obj/syscalls.o
                                  0x8 (size before relaxing)
 .ARM.exidx.text.os_flags
                0xd0000008        0x0 obj/syscalls.o
                                  0x8 (size before relaxing)
 .ARM.exidx.text.os_version
                0xd0000008        0x0 obj/syscalls.o
                                  0x8 (size before relaxing)
 .ARM.exidx.text.os_seph_version
                0xd0000008        0x0 obj/syscalls.o
                                  0x8 (size before relaxing)
 .ARM.exidx.text.os_registry_get_current_app_tag
                0xd0000008        0x0 obj/syscalls.o
                                  0x8 (size before relaxing)
 .ARM.exidx.text.io_seproxyhal_spi_send
                0xd0000008        0x0 obj/syscalls.o
                                  0x8 (size before relaxing)
 .ARM.exidx.text.io_seproxyhal_spi_is_status_sent
                0xd0000008        0x0 obj/syscalls.o
                                  0x8 (size before relaxing)
 .ARM.exidx.text.io_seproxyhal_spi_recv
                0xd0000008        0x0 obj/syscalls.o
                                  0x8 (size before relaxing)
 .ARM.exidx.text.transaction_initialize
                0xd0000008        0x0 obj/transaction.o
                                  0x8 (size before relaxing)
 .ARM.exidx.text.transaction_reset
                0xd0000008        0x0 obj/transaction.o
                                  0x8 (size before relaxing)
 .ARM.exidx.text.transaction_append
                0xd0000008        0x0 obj/transaction.o
                                  0x8 (size before relaxing)
 .ARM.exidx.text.transaction_get_buffer_length
                0xd0000008        0x0 obj/transaction.o
                                  0x8 (size before relaxing)
 .ARM.exidx.text.transaction_get_buffer
                0xd0000008        0x0 obj/transaction.o
                                  0x8 (size before relaxing)
 .ARM.exidx.text.transaction_parse
                0xd0000008        0x0 obj/transaction.o
                                  0x8 (size before relaxing)
 .ARM.exidx.text.tx_display_index_root
                0xd0000008        0x0 obj/tx_display.o
                                  0x8 (size before relaxing)
 .ARM.exidx.text.tx_display_num_pages
                0xd0000008        0x0 obj/tx_display.o
                                  0x8 (size before relaxing)
 .ARM.exidx.text.tx_display_get_item
                0xd0000008        0x0 obj/tx_display.o
                                  0x8 (size before relaxing)
 .ARM.exidx.text.tx_display_make_friendly
                0xd0000008        0x0 obj/tx_display.o
                                  0x8 (size before relaxing)
 .ARM.exidx.text.set_parsing_context
                0xd0000008        0x0 obj/tx_parser.o
                                  0x8 (size before relaxing)
 .ARM.exidx.text.tx_traverse
                0xd0000008        0x0 obj/tx_parser.o
                                  0x8 (size before relaxing)
 .ARM.exidx.text.contains_whitespace
                0xd0000008        0x0 obj/tx_validate.o
                                  0x8 (size before relaxing)
 .ARM.exidx.text.dictionaries_sorted
                0xd0000008        0x0 obj/tx_validate.o
                                  0x8 (size before relaxing)
 .ARM.exidx.text.json_validate
                0xd0000008        0x0 obj/tx_validate.o
                                  0x8 (size before relaxing)
 .ARM.exidx.text.u2f_apdu_sign
                0xd0000008        0x0 obj/u2f_impl.o
                                  0x8 (size before relaxing)
 .ARM.exidx.text.u2f_handle_cmd_init
                0xd0000008        0x0 obj/u2f_impl.o
                                  0x8 (size before relaxing)
 .ARM.exidx.text.u2f_handle_cmd_msg
                0xd0000008        0x0 obj/u2f_impl.o
                                  0x8 (size before relaxing)
 .ARM.exidx.text.u2f_message_complete
                0xd0000008        0x0 obj/u2f_impl.o
                                  0x8 (size before relaxing)
 .ARM.exidx.text.u2f_io_send
                0xd0000008        0x0 obj/u2f_io.o
                                  0x8 (size before relaxing)
 .ARM.exidx.text.u2f_transport_init
                0xd0000008        0x0 obj/u2f_transport.o
                                  0x8 (size before relaxing)
 .ARM.exidx.text.u2f_transport_sent
                0xd0000008        0x0 obj/u2f_transport.o
                                  0x8 (size before relaxing)
 .ARM.exidx.text.u2f_transport_send_usb_user_presence_required
                0xd0000008        0x0 obj/u2f_transport.o
                                  0x8 (size before relaxing)
 .ARM.exidx.text.u2f_transport_send_wink
                0xd0000008        0x0 obj/u2f_transport.o
                                  0x8 (size before relaxing)
 .ARM.exidx.text.u2f_transport_receive_fakeChannel
                0xd0000008        0x0 obj/u2f_transport.o
                                  0x8 (size before relaxing)
 .ARM.exidx.text.u2f_transport_received
                0xd0000008        0x0 obj/u2f_transport.o
                                  0x8 (size before relaxing)
 .ARM.exidx.text.u2f_is_channel_broadcast
                0xd0000008        0x0 obj/u2f_transport.o
                                  0x8 (size before relaxing)
 .ARM.exidx.text.u2f_message_set_autoreply_wait_user_presence
                0xd0000008        0x0 obj/u2f_transport.o
                                  0x8 (size before relaxing)
 .ARM.exidx.text.u2f_message_repliable
                0xd0000008        0x0 obj/u2f_transport.o
                                  0x8 (size before relaxing)
 .ARM.exidx.text.u2f_message_reply
                0xd0000008        0x0 obj/u2f_transport.o
                                  0x8 (size before relaxing)
 .ARM.exidx.text.USBD_LL_Init
                0xd0000008        0x0 obj/usbd_conf.o
                                  0x8 (size before relaxing)
 .ARM.exidx.text.USBD_LL_DeInit
                0xd0000008        0x0 obj/usbd_conf.o
                                  0x8 (size before relaxing)
 .ARM.exidx.text.USBD_LL_Start
                0xd0000008        0x0 obj/usbd_conf.o
                                  0x8 (size before relaxing)
 .ARM.exidx.text.USBD_LL_Stop
                0xd0000008        0x0 obj/usbd_conf.o
                                  0x8 (size before relaxing)
 .ARM.exidx.text.USBD_LL_OpenEP
                0xd0000008        0x0 obj/usbd_conf.o
                                  0x8 (size before relaxing)
 .ARM.exidx.text.USBD_LL_CloseEP
                0xd0000008        0x0 obj/usbd_conf.o
                                  0x8 (size before relaxing)
 .ARM.exidx.text.USBD_LL_StallEP
                0xd0000008        0x0 obj/usbd_conf.o
                                  0x8 (size before relaxing)
 .ARM.exidx.text.USBD_LL_ClearStallEP
                0xd0000008        0x0 obj/usbd_conf.o
                                  0x8 (size before relaxing)
 .ARM.exidx.text.USBD_LL_IsStallEP
                0xd0000008        0x0 obj/usbd_conf.o
                                  0x8 (size before relaxing)
 .ARM.exidx.text.USBD_LL_SetUSBAddress
                0xd0000008        0x0 obj/usbd_conf.o
                                  0x8 (size before relaxing)
 .ARM.exidx.text.USBD_LL_Transmit
                0xd0000008        0x0 obj/usbd_conf.o
                                  0x8 (size before relaxing)
 .ARM.exidx.text.USBD_LL_PrepareReceive
                0xd0000008        0x0 obj/usbd_conf.o
                                  0x8 (size before relaxing)
 .ARM.exidx.text.USBD_Init
                0xd0000008        0x0 obj/usbd_core.o
                                  0x8 (size before relaxing)
 .ARM.exidx.text.USBD_DeInit
                0xd0000008        0x0 obj/usbd_core.o
                                  0x8 (size before relaxing)
 .ARM.exidx.text.USBD_RegisterClassForInterface
                0xd0000008        0x0 obj/usbd_core.o
                                  0x8 (size before relaxing)
 .ARM.exidx.text.USBD_Start
                0xd0000008        0x0 obj/usbd_core.o
                                  0x8 (size before relaxing)
 .ARM.exidx.text.USBD_SetClassConfig
                0xd0000008        0x0 obj/usbd_core.o
                                  0x8 (size before relaxing)
 .ARM.exidx.text.USBD_ClrClassConfig
                0xd0000008        0x0 obj/usbd_core.o
                                  0x8 (size before relaxing)
 .ARM.exidx.text.USBD_LL_SetupStage
                0xd0000008        0x0 obj/usbd_core.o
                                  0x8 (size before relaxing)
 .ARM.exidx.text.USBD_LL_DataOutStage
                0xd0000008        0x0 obj/usbd_core.o
                                  0x8 (size before relaxing)
 .ARM.exidx.text.USBD_LL_DataInStage
                0xd0000008        0x0 obj/usbd_core.o
                                  0x8 (size before relaxing)
 .ARM.exidx.text.USBD_LL_Reset
                0xd0000008        0x0 obj/usbd_core.o
                                  0x8 (size before relaxing)
 .ARM.exidx.text.USBD_LL_SetSpeed
                0xd0000008        0x0 obj/usbd_core.o
                                  0x8 (size before relaxing)
 .ARM.exidx.text.USBD_LL_Suspend
                0xd0000008        0x0 obj/usbd_core.o
                                  0x8 (size before relaxing)
 .ARM.exidx.text.USBD_LL_Resume
                0xd0000008        0x0 obj/usbd_core.o
                                  0x8 (size before relaxing)
 .ARM.exidx.text.USBD_LL_SOF
                0xd0000008        0x0 obj/usbd_core.o
                                  0x8 (size before relaxing)
 .ARM.exidx.text.usbd_is_valid_intf
                0xd0000008        0x0 obj/usbd_ctlreq.o
                                  0x8 (size before relaxing)
 .ARM.exidx.text.USBD_StdDevReq
                0xd0000008        0x0 obj/usbd_ctlreq.o
                                  0x8 (size before relaxing)
 .ARM.exidx.text.USBD_GetDescriptor
                0xd0000008        0x0 obj/usbd_ctlreq.o
                                  0x8 (size before relaxing)
 .ARM.exidx.text.USBD_SetAddress
                0xd0000008        0x0 obj/usbd_ctlreq.o
                                  0x8 (size before relaxing)
 .ARM.exidx.text.USBD_SetConfig
                0xd0000008        0x0 obj/usbd_ctlreq.o
                                  0x8 (size before relaxing)
 .ARM.exidx.text.USBD_GetConfig
                0xd0000008        0x0 obj/usbd_ctlreq.o
                                  0x8 (size before relaxing)
 .ARM.exidx.text.USBD_GetStatus
                0xd0000008        0x0 obj/usbd_ctlreq.o
                                  0x8 (size before relaxing)
 .ARM.exidx.text.USBD_SetFeature
                0xd0000008        0x0 obj/usbd_ctlreq.o
                                  0x8 (size before relaxing)
 .ARM.exidx.text.USBD_ClrFeature
                0xd0000008        0x0 obj/usbd_ctlreq.o
                                  0x8 (size before relaxing)
 .ARM.exidx.text.USBD_CtlError
                0xd0000008        0x0 obj/usbd_ctlreq.o
                                  0x8 (size before relaxing)
 .ARM.exidx.text.USBD_StdItfReq
                0xd0000008        0x0 obj/usbd_ctlreq.o
                                  0x8 (size before relaxing)
 .ARM.exidx.text.USBD_StdEPReq
                0xd0000008        0x0 obj/usbd_ctlreq.o
                                  0x8 (size before relaxing)
 .ARM.exidx.text.USBD_ParseSetupRequest
                0xd0000008        0x0 obj/usbd_ctlreq.o
                                  0x8 (size before relaxing)
 .ARM.exidx.text.USBD_HID_Setup
                0xd0000008        0x0 obj/usbd_hid.o
                                  0x8 (size before relaxing)
 .ARM.exidx.text.USBD_HID_Init
                0xd0000008        0x0 obj/usbd_hid.o
                                  0x8 (size before relaxing)
 .ARM.exidx.text.USBD_HID_DeInit
                0xd0000008        0x0 obj/usbd_hid.o
                                  0x8 (size before relaxing)
 .ARM.exidx.text.USBD_HID_GetHidDescriptor_impl
                0xd0000008        0x0 obj/usbd_impl.o
                                  0x8 (size before relaxing)
 .ARM.exidx.text.USBD_HID_GetReportDescriptor_impl
                0xd0000008        0x0 obj/usbd_impl.o
                                  0x8 (size before relaxing)
 .ARM.exidx.text.USBD_U2F_Init
                0xd0000008        0x0 obj/usbd_impl.o
                                  0x8 (size before relaxing)
 .ARM.exidx.text.USBD_U2F_DataIn_impl
                0xd0000008        0x0 obj/usbd_impl.o
                                  0x8 (size before relaxing)
 .ARM.exidx.text.USBD_U2F_DataOut_impl
                0xd0000008        0x0 obj/usbd_impl.o
                                  0x8 (size before relaxing)
 .ARM.exidx.text.USBD_HID_DataIn_impl
                0xd0000008        0x0 obj/usbd_impl.o
                                  0x8 (size before relaxing)
 .ARM.exidx.text.USBD_HID_DataOut_impl
                0xd0000008        0x0 obj/usbd_impl.o
                                  0x8 (size before relaxing)
 .ARM.exidx.text.USBD_DeviceDescriptor
                0xd0000008        0x0 obj/usbd_impl.o
                                  0x8 (size before relaxing)
 .ARM.exidx.text.USBD_LangIDStrDescriptor
                0xd0000008        0x0 obj/usbd_impl.o
                                  0x8 (size before relaxing)
 .ARM.exidx.text.USBD_ManufacturerStrDescriptor
                0xd0000008        0x0 obj/usbd_impl.o
                                  0x8 (size before relaxing)
 .ARM.exidx.text.USBD_ProductStrDescriptor
                0xd0000008        0x0 obj/usbd_impl.o
                                  0x8 (size before relaxing)
 .ARM.exidx.text.USBD_SerialStrDescriptor
                0xd0000008        0x0 obj/usbd_impl.o
                                  0x8 (size before relaxing)
 .ARM.exidx.text.USBD_ConfigStrDescriptor
                0xd0000008        0x0 obj/usbd_impl.o
                                  0x8 (size before relaxing)
 .ARM.exidx.text.USBD_InterfaceStrDescriptor
                0xd0000008        0x0 obj/usbd_impl.o
                                  0x8 (size before relaxing)
 .ARM.exidx.text.USB_power
                0xd0000008        0x0 obj/usbd_impl.o
                                  0x8 (size before relaxing)
 .ARM.exidx.text.USBD_GetCfgDesc_impl
                0xd0000008        0x0 obj/usbd_impl.o
                                  0x8 (size before relaxing)
 .ARM.exidx.text.USBD_GetDeviceQualifierDesc_impl
                0xd0000008        0x0 obj/usbd_impl.o
                                  0x8 (size before relaxing)
 .ARM.exidx.text.USBD_CtlSendData
                0xd0000008        0x0 obj/usbd_ioreq.o
                                  0x8 (size before relaxing)
 .ARM.exidx.text.USBD_CtlContinueSendData
                0xd0000008        0x0 obj/usbd_ioreq.o
                                  0x8 (size before relaxing)
 .ARM.exidx.text.USBD_CtlContinueRx
                0xd0000008        0x0 obj/usbd_ioreq.o
                                  0x8 (size before relaxing)
 .ARM.exidx.text.USBD_CtlSendStatus
                0xd0000008        0x0 obj/usbd_ioreq.o
                                  0x8 (size before relaxing)
 .ARM.exidx.text.USBD_CtlReceiveStatus
                0xd0000008        0x0 obj/usbd_ioreq.o
                                  0x8 (size before relaxing)
 .ARM.exidx.text.accept
                0xd0000008        0x0 obj/view.o
                                  0x8 (size before relaxing)
 .ARM.exidx.text.reject
                0xd0000008        0x0 obj/view.o
                                  0x8 (size before relaxing)
 .ARM.exidx.text.show_idle_menu
                0xd0000008        0x0 obj/view.o
                                  0x8 (size before relaxing)
 .ARM.exidx.text.view_idle
                0xd0000008        0x0 obj/view.o
                                  0x8 (size before relaxing)
 .ARM.exidx.text.view_tx_show
                0xd0000008        0x0 obj/view.o
                                  0x8 (size before relaxing)
 .ARM.exidx.text.view_addr_choose_show
                0xd0000008        0x0 obj/view.o
                                  0x8 (size before relaxing)
 .ARM.exidx.text.view_addr_choose_prepro
                0xd0000008        0x0 obj/view.o
                                  0x8 (size before relaxing)
 .ARM.exidx.text.io_seproxyhal_display
                0xd0000008        0x0 obj/view.o
                                  0x8 (size before relaxing)
 .ARM.exidx.text.view_init
                0xd0000008        0x0 obj/view.o
                                  0x8 (size before relaxing)
 .ARM.exidx.text.view_status
                0xd0000008        0x0 obj/view.o
                                  0x8 (size before relaxing)
 .ARM.exidx.text.view_tx_menu
                0xd0000008        0x0 obj/view.o
                                  0x8 (size before relaxing)
 .ARM.exidx.text.view_addr_choose_update
                0xd0000008        0x0 obj/view.o
                                  0x8 (size before relaxing)
 .ARM.exidx.text.view_addr_choose_button
                0xd0000008        0x0 obj/view.o
                                  0x8 (size before relaxing)
 .ARM.exidx.text.view_addr_choose_refresh
                0xd0000008        0x0 obj/view.o
                                  0x8 (size before relaxing)
 .ARM.exidx.text.view_addr_confirm
                0xd0000008        0x0 obj/view.o
                                  0x8 (size before relaxing)
 .ARM.exidx.text.view_set_handlers
                0xd0000008        0x0 obj/view.o
                                  0x8 (size before relaxing)
 .ARM.exidx.text.viewctl_start
                0xd0000008        0x0 obj/view_common.o
                                  0x8 (size before relaxing)
 .ARM.exidx.text.submenu_left
                0xd0000008        0x0 obj/view_common.o
                                  0x8 (size before relaxing)
 .ARM.exidx.text.submenu_right
                0xd0000008        0x0 obj/view_common.o
                                  0x8 (size before relaxing)
 .ARM.exidx.text.menu_left
                0xd0000008        0x0 obj/view_common.o
                                  0x8 (size before relaxing)
 .ARM.exidx.text.menu_right
                0xd0000008        0x0 obj/view_common.o
                                  0x8 (size before relaxing)
 .ARM.exidx.text.viewctl_dataValue_split
                0xd0000008        0x0 obj/view_common.o
                                  0x8 (size before relaxing)
 .ARM.exidx.text.viewctl_display_page
                0xd0000008        0x0 obj/view_common.o
                                  0x8 (size before relaxing)
 .ARM.exidx.text.viewexpl_bagl_prepro
                0xd0000008        0x0 obj/view_expl.o
                                  0x8 (size before relaxing)
 .ARM.exidx.text.viewexpl_display_ux
                0xd0000008        0x0 obj/view_expl.o
                                  0x8 (size before relaxing)
 .ARM.exidx.text.viewexpl_bagl_valuescrolling_button
                0xd0000008        0x0 obj/view_expl.o
                                  0x8 (size before relaxing)
 .ARM.exidx.text.viewexpl_bagl_keyscrolling_button
                0xd0000008        0x0 obj/view_expl.o
                                  0x8 (size before relaxing)
 .ARM.exidx.text.viewexpl_start
                0xd0000008        0x0 obj/view_expl.o
                                  0x8 (size before relaxing)
 .ARM.exidx.text.utf8codepoint
                0xd0000008        0x0 obj/zxmacros.o
                                  0x8 (size before relaxing)
 .ARM.exidx.text.utf8valid
                0xd0000008        0x0 obj/zxmacros.o
                                  0x8 (size before relaxing)
 .ARM.exidx.text.asciify
                0xd0000008        0x0 obj/zxmacros.o
                                  0x8 (size before relaxing)
 .ARM.exidx.text.asciify_ext
                0xd0000008        0x0 obj/zxmacros.o
                                  0x8 (size before relaxing)

.rel.dyn        0xd0000008        0x0
 .rel.iplt      0xd0000008        0x0 obj/app_main.o

.stab
 *(.stab)

.stabstr
 *(.stabstr)

.stab.excl
 *(.stab.excl)

.stab.exclstr
 *(.stab.exclstr)

.stab.index
 *(.stab.index)

.stab.indexstr
 *(.stab.indexstr)

.comment        0x00000000       0x2d
 *(.comment)
 .comment       0x00000000       0x2d obj/app_main.o
                                 0x2e (size before relaxing)
 .comment       0x0000002d       0x2e obj/bech32.o
 .comment       0x0000002d       0x2e obj/buffering.o
 .comment       0x0000002d       0x2e obj/crypto.o
 .comment       0x0000002d       0x2e obj/glyphs.o
 .comment       0x0000002d       0x2e obj/jsmn.o
 .comment       0x0000002d       0x2e obj/json_parser.o
 .comment       0x0000002d       0x2e obj/main.o
 .comment       0x0000002d       0x2e obj/os.o
 .comment       0x0000002d       0x2e obj/os_io_seproxyhal.o
 .comment       0x0000002d       0x2e obj/os_printf.o
 .comment       0x0000002d       0x2e obj/pic.o
 .comment       0x0000002d       0x2e obj/pic_internal.o
 .comment       0x0000002d       0x2e obj/segwit_addr.o
 .comment       0x0000002d       0x2e obj/syscalls.o
 .comment       0x0000002d       0x2e obj/transaction.o
 .comment       0x0000002d       0x2e obj/tx_display.o
 .comment       0x0000002d       0x2e obj/tx_parser.o
 .comment       0x0000002d       0x2e obj/tx_validate.o
 .comment       0x0000002d       0x2e obj/u2f_impl.o
 .comment       0x0000002d       0x2e obj/u2f_io.o
 .comment       0x0000002d       0x2e obj/u2f_transport.o
 .comment       0x0000002d       0x2e obj/usbd_conf.o
 .comment       0x0000002d       0x2e obj/usbd_core.o
 .comment       0x0000002d       0x2e obj/usbd_ctlreq.o
 .comment       0x0000002d       0x2e obj/usbd_hid.o
 .comment       0x0000002d       0x2e obj/usbd_impl.o
 .comment       0x0000002d       0x2e obj/usbd_ioreq.o
 .comment       0x0000002d       0x2e obj/view.o
 .comment       0x0000002d       0x2e obj/view_common.o
 .comment       0x0000002d       0x2e obj/view_expl.o
 .comment       0x0000002d       0x2e obj/zxmacros.o

.note.GNU-stack
                0x00000000        0x0
 .note.GNU-stack
                0x00000000        0x0 obj/app_main.o
 .note.GNU-stack
                0x00000000        0x0 obj/bech32.o
 .note.GNU-stack
                0x00000000        0x0 obj/buffering.o
 .note.GNU-stack
                0x00000000        0x0 obj/crypto.o
 .note.GNU-stack
                0x00000000        0x0 obj/glyphs.o
 .note.GNU-stack
                0x00000000        0x0 obj/jsmn.o
 .note.GNU-stack
                0x00000000        0x0 obj/json_parser.o
 .note.GNU-stack
                0x00000000        0x0 obj/main.o
 .note.GNU-stack
                0x00000000        0x0 obj/os.o
 .note.GNU-stack
                0x00000000        0x0 obj/os_io_seproxyhal.o
 .note.GNU-stack
                0x00000000        0x0 obj/os_printf.o
 .note.GNU-stack
                0x00000000        0x0 obj/pic.o
 .note.GNU-stack
                0x00000000        0x0 obj/pic_internal.o
 .note.GNU-stack
                0x00000000        0x0 obj/segwit_addr.o
 .note.GNU-stack
                0x00000000        0x0 obj/syscalls.o
 .note.GNU-stack
                0x00000000        0x0 obj/transaction.o
 .note.GNU-stack
                0x00000000        0x0 obj/tx_display.o
 .note.GNU-stack
                0x00000000        0x0 obj/tx_parser.o
 .note.GNU-stack
                0x00000000        0x0 obj/tx_validate.o
 .note.GNU-stack
                0x00000000        0x0 obj/u2f_impl.o
 .note.GNU-stack
                0x00000000        0x0 obj/u2f_io.o
 .note.GNU-stack
                0x00000000        0x0 obj/u2f_transport.o
 .note.GNU-stack
                0x00000000        0x0 obj/usbd_conf.o
 .note.GNU-stack
                0x00000000        0x0 obj/usbd_core.o
 .note.GNU-stack
                0x00000000        0x0 obj/usbd_ctlreq.o
 .note.GNU-stack
                0x00000000        0x0 obj/usbd_hid.o
 .note.GNU-stack
                0x00000000        0x0 obj/usbd_impl.o
 .note.GNU-stack
                0x00000000        0x0 obj/usbd_ioreq.o
 .note.GNU-stack
                0x00000000        0x0 obj/view.o
 .note.GNU-stack
                0x00000000        0x0 obj/view_common.o
 .note.GNU-stack
                0x00000000        0x0 obj/view_expl.o
 .note.GNU-stack
                0x00000000        0x0 obj/zxmacros.o

.ARM.attributes
                0x00000000       0x33
 .ARM.attributes
                0x00000000       0x41 obj/app_main.o
 .ARM.attributes
                0x00000041       0x41 obj/bech32.o
 .ARM.attributes
                0x00000082       0x41 obj/buffering.o
 .ARM.attributes
                0x000000c3       0x41 obj/crypto.o
 .ARM.attributes
                0x00000104       0x3f obj/glyphs.o
 .ARM.attributes
                0x00000143       0x41 obj/jsmn.o
 .ARM.attributes
                0x00000184       0x41 obj/json_parser.o
 .ARM.attributes
                0x000001c5       0x41 obj/main.o
 .ARM.attributes
                0x00000206       0x41 obj/os.o
 .ARM.attributes
                0x00000247       0x41 obj/os_io_seproxyhal.o
 .ARM.attributes
                0x00000288       0x41 obj/os_printf.o
 .ARM.attributes
                0x000002c9       0x41 obj/pic.o
 .ARM.attributes
                0x0000030a       0x41 obj/pic_internal.o
 .ARM.attributes
                0x0000034b       0x41 obj/segwit_addr.o
 .ARM.attributes
                0x0000038c       0x41 obj/syscalls.o
 .ARM.attributes
                0x000003cd       0x41 obj/transaction.o
 .ARM.attributes
                0x0000040e       0x41 obj/tx_display.o
 .ARM.attributes
                0x0000044f       0x41 obj/tx_parser.o
 .ARM.attributes
                0x00000490       0x41 obj/tx_validate.o
 .ARM.attributes
                0x000004d1       0x41 obj/u2f_impl.o
 .ARM.attributes
                0x00000512       0x41 obj/u2f_io.o
 .ARM.attributes
                0x00000553       0x41 obj/u2f_transport.o
 .ARM.attributes
                0x00000594       0x41 obj/usbd_conf.o
 .ARM.attributes
                0x000005d5       0x41 obj/usbd_core.o
 .ARM.attributes
                0x00000616       0x41 obj/usbd_ctlreq.o
 .ARM.attributes
                0x00000657       0x41 obj/usbd_hid.o
 .ARM.attributes
                0x00000698       0x41 obj/usbd_impl.o
 .ARM.attributes
                0x000006d9       0x41 obj/usbd_ioreq.o
 .ARM.attributes
                0x0000071a       0x41 obj/view.o
 .ARM.attributes
                0x0000075b       0x41 obj/view_common.o
 .ARM.attributes
                0x0000079c       0x41 obj/view_expl.o
 .ARM.attributes
                0x000007dd       0x41 obj/zxmacros.o
 .ARM.attributes
                0x0000081e       0x1e /opt/bolos/gcc-arm-none-eabi-5_3-2016q1/bin/../lib/gcc/arm-none-eabi/5.3.1/armv6-m/libgcc.a(_udivsi3.o)
 .ARM.attributes
                0x0000083c       0x1e /opt/bolos/gcc-arm-none-eabi-5_3-2016q1/bin/../lib/gcc/arm-none-eabi/5.3.1/armv6-m/libgcc.a(_divsi3.o)
 .ARM.attributes
                0x0000085a       0x1e /opt/bolos/gcc-arm-none-eabi-5_3-2016q1/bin/../lib/gcc/arm-none-eabi/5.3.1/armv6-m/libgcc.a(_dvmd_tls.o)
 .ARM.attributes
                0x00000878       0x2c /opt/bolos/gcc-arm-none-eabi-5_3-2016q1/bin/../lib/gcc/arm-none-eabi/5.3.1/../../../../arm-none-eabi/lib/armv6-m/libc.a(lib_a-aeabi_memclr.o)
 .ARM.attributes
                0x000008a4       0x2c /opt/bolos/gcc-arm-none-eabi-5_3-2016q1/bin/../lib/gcc/arm-none-eabi/5.3.1/../../../../arm-none-eabi/lib/armv6-m/libc.a(lib_a-aeabi_memcpy.o)
 .ARM.attributes
                0x000008d0       0x2c /opt/bolos/gcc-arm-none-eabi-5_3-2016q1/bin/../lib/gcc/arm-none-eabi/5.3.1/../../../../arm-none-eabi/lib/armv6-m/libc.a(lib_a-aeabi_memset.o)
 .ARM.attributes
                0x000008fc       0x2c /opt/bolos/gcc-arm-none-eabi-5_3-2016q1/bin/../lib/gcc/arm-none-eabi/5.3.1/../../../../arm-none-eabi/lib/armv6-m/libc.a(lib_a-memcpy-stub.o)
 .ARM.attributes
                0x00000928       0x2c /opt/bolos/gcc-arm-none-eabi-5_3-2016q1/bin/../lib/gcc/arm-none-eabi/5.3.1/../../../../arm-none-eabi/lib/armv6-m/libc.a(lib_a-memset.o)
 .ARM.attributes
                0x00000954       0x1c /opt/bolos/gcc-arm-none-eabi-5_3-2016q1/bin/../lib/gcc/arm-none-eabi/5.3.1/../../../../arm-none-eabi/lib/armv6-m/libc.a(lib_a-setjmp.o)
 .ARM.attributes
                0x00000970       0x1b /opt/bolos/gcc-arm-none-eabi-5_3-2016q1/bin/../lib/gcc/arm-none-eabi/5.3.1/../../../../arm-none-eabi/lib/armv6-m/libc.a(lib_a-strcmp.o)
 .ARM.attributes
                0x0000098b       0x2c /opt/bolos/gcc-arm-none-eabi-5_3-2016q1/bin/../lib/gcc/arm-none-eabi/5.3.1/../../../../arm-none-eabi/lib/armv6-m/libc.a(lib_a-strlen-stub.o)
 .ARM.attributes
                0x000009b7       0x2c /opt/bolos/gcc-arm-none-eabi-5_3-2016q1/bin/../lib/gcc/arm-none-eabi/5.3.1/../../../../arm-none-eabi/lib/armv6-m/libc.a(lib_a-strncpy.o)

.debug
 *(.debug)

.line
 *(.line)

.debug_srcinfo
 *(.debug_srcinfo)

.debug_sfnames
 *(.debug_sfnames)

.debug_aranges
 *(.debug_aranges)

.debug_pubnames
                0x00000000     0x2f67
 *(.debug_pubnames)
 .debug_pubnames
                0x00000000      0x149 obj/app_main.o
 .debug_pubnames
                0x00000149       0x2c obj/bech32.o
 .debug_pubnames
                0x00000175       0xb5 obj/buffering.o
 .debug_pubnames
                0x0000022a       0xd6 obj/crypto.o
 .debug_pubnames
                0x00000300      0x27c obj/glyphs.o
 .debug_pubnames
                0x0000057c       0x87 obj/jsmn.o
 .debug_pubnames
                0x00000603       0xe0 obj/json_parser.o
 .debug_pubnames
                0x000006e3       0x1b obj/main.o
 .debug_pubnames
                0x000006fe      0x1d3 obj/os.o
 .debug_pubnames
                0x000008d1      0x691 obj/os_io_seproxyhal.o
 .debug_pubnames